Component: ARM Compiler 5.05 update 2 (build 169) Tool: armlink [4d0f33]

==============================================================================

Section Cross References

    startup_stm32f411xe.o(RESET) refers to startup_stm32f411xe.o(STACK) for __initial_sp
    startup_stm32f411xe.o(RESET) refers to startup_stm32f411xe.o(.text) for Reset_Handler
    startup_stm32f411xe.o(RESET) refers to stm32f4xx_it.o(i.NMI_Handler) for NMI_Handler
    startup_stm32f411xe.o(RESET) refers to stm32f4xx_it.o(i.HardFault_Handler) for HardFault_Handler
    startup_stm32f411xe.o(RESET) refers to stm32f4xx_it.o(i.MemManage_Handler) for MemManage_Handler
    startup_stm32f411xe.o(RESET) refers to stm32f4xx_it.o(i.BusFault_Handler) for BusFault_Handler
    startup_stm32f411xe.o(RESET) refers to stm32f4xx_it.o(i.UsageFault_Handler) for UsageFault_Handler
    startup_stm32f411xe.o(RESET) refers to stm32f4xx_it.o(i.SVC_Handler) for SVC_Handler
    startup_stm32f411xe.o(RESET) refers to stm32f4xx_it.o(i.DebugMon_Handler) for DebugMon_Handler
    startup_stm32f411xe.o(RESET) refers to stm32f4xx_it.o(i.PendSV_Handler) for PendSV_Handler
    startup_stm32f411xe.o(RESET) refers to stm32f4xx_it.o(i.SysTick_Handler) for SysTick_Handler
    startup_stm32f411xe.o(RESET) refers to stm32f4xx_it.o(i.EXTI9_5_IRQHandler) for EXTI9_5_IRQHandler
    startup_stm32f411xe.o(RESET) refers to stm32f4xx_it.o(i.SPI1_IRQHandler) for SPI1_IRQHandler
    startup_stm32f411xe.o(RESET) refers to stm32f4xx_it.o(i.USART1_IRQHandler) for USART1_IRQHandler
    startup_stm32f411xe.o(.text) refers to system_stm32f4xx.o(i.SystemInit) for SystemInit
    startup_stm32f411xe.o(.text) refers to entry.o(.ARM.Collect$$$$00000000) for __main
    system_stm32f4xx.o(i.SystemCoreClockUpdate) refers to system_stm32f4xx.o(.data) for .data
    system_stm32f4xx.o(i.SystemCoreClockUpdate) refers to system_stm32f4xx.o(.constdata) for .constdata
    stm32f4xx_hal.o(i.HAL_DeInit) refers to stm32f4xx_hal.o(i.HAL_MspDeInit) for HAL_MspDeInit
    stm32f4xx_hal.o(i.HAL_Delay) refers to stm32f4xx_hal.o(i.HAL_GetTick) for HAL_GetTick
    stm32f4xx_hal.o(i.HAL_GetTick) refers to stm32f4xx_hal.o(.data) for .data
    stm32f4xx_hal.o(i.HAL_IncTick) refers to stm32f4xx_hal.o(.data) for .data
    stm32f4xx_hal.o(i.HAL_Init) refers to stm32f4xx_hal_cortex.o(i.HAL_NVIC_SetPriorityGrouping) for HAL_NVIC_SetPriorityGrouping
    stm32f4xx_hal.o(i.HAL_Init) refers to stm32f4xx_hal.o(i.HAL_InitTick) for HAL_InitTick
    stm32f4xx_hal.o(i.HAL_Init) refers to stm32f4_msp.o(i.HAL_MspInit) for HAL_MspInit
    stm32f4xx_hal.o(i.HAL_InitTick) refers to stm32f4xx_hal_cortex.o(i.HAL_SYSTICK_Config) for HAL_SYSTICK_Config
    stm32f4xx_hal.o(i.HAL_InitTick) refers to stm32f4xx_hal_cortex.o(i.HAL_NVIC_SetPriority) for HAL_NVIC_SetPriority
    stm32f4xx_hal.o(i.HAL_InitTick) refers to system_stm32f4xx.o(.data) for SystemCoreClock
    stm32f4xx_hal_cortex.o(i.HAL_NVIC_SetPriority) refers to stm32f4xx_hal_cortex.o(i.NVIC_SetPriority) for NVIC_SetPriority
    stm32f4xx_hal_cortex.o(i.HAL_SYSTICK_Config) refers to stm32f4xx_hal_cortex.o(i.NVIC_SetPriority) for NVIC_SetPriority
    stm32f4xx_hal_cortex.o(i.HAL_SYSTICK_IRQHandler) refers to stm32f4xx_hal_cortex.o(i.HAL_SYSTICK_Callback) for HAL_SYSTICK_Callback
    stm32f4xx_hal_rcc.o(i.HAL_RCC_ClockConfig) refers to stm32f4xx_hal.o(i.HAL_GetTick) for HAL_GetTick
    stm32f4xx_hal_rcc.o(i.HAL_RCC_ClockConfig) refers to stm32f4xx_hal_rcc.o(i.HAL_RCC_GetSysClockFreq) for HAL_RCC_GetSysClockFreq
    stm32f4xx_hal_rcc.o(i.HAL_RCC_ClockConfig) refers to stm32f4xx_hal.o(i.HAL_InitTick) for HAL_InitTick
    stm32f4xx_hal_rcc.o(i.HAL_RCC_ClockConfig) refers to stm32f4xx_hal_rcc.o(.constdata) for .constdata
    stm32f4xx_hal_rcc.o(i.HAL_RCC_ClockConfig) refers to system_stm32f4xx.o(.data) for SystemCoreClock
    stm32f4xx_hal_rcc.o(i.HAL_RCC_GetHCLKFreq) refers to system_stm32f4xx.o(.data) for SystemCoreClock
    stm32f4xx_hal_rcc.o(i.HAL_RCC_GetPCLK1Freq) refers to system_stm32f4xx.o(.data) for SystemCoreClock
    stm32f4xx_hal_rcc.o(i.HAL_RCC_GetPCLK1Freq) refers to stm32f4xx_hal_rcc.o(.constdata) for .constdata
    stm32f4xx_hal_rcc.o(i.HAL_RCC_GetPCLK2Freq) refers to system_stm32f4xx.o(.data) for SystemCoreClock
    stm32f4xx_hal_rcc.o(i.HAL_RCC_GetPCLK2Freq) refers to stm32f4xx_hal_rcc.o(.constdata) for .constdata
    stm32f4xx_hal_rcc.o(i.HAL_RCC_MCOConfig) refers to stm32f4xx_hal_gpio.o(i.HAL_GPIO_Init) for HAL_GPIO_Init
    stm32f4xx_hal_rcc.o(i.HAL_RCC_NMI_IRQHandler) refers to stm32f4xx_hal_rcc.o(i.HAL_RCC_CSSCallback) for HAL_RCC_CSSCallback
    stm32f4xx_hal_rcc.o(i.HAL_RCC_OscConfig) refers to stm32f4xx_hal.o(i.HAL_GetTick) for HAL_GetTick
    stm32f4xx_hal_rcc_ex.o(i.HAL_RCCEx_PeriphCLKConfig) refers to stm32f4xx_hal.o(i.HAL_GetTick) for HAL_GetTick
    stm32f4xx_hal_rcc_ex.o(i.HAL_RCC_DeInit) refers to system_stm32f4xx.o(.data) for SystemCoreClock
    stm32f4xx_hal_dma.o(i.DMA_CalcBaseAndBitshift) refers to stm32f4xx_hal_dma.o(.constdata) for .constdata
[...]
    Removing stm32f4xx_hal.o(i.HAL_DBGMCU_DisableDBGStopMode), (16 bytes).
    Removing stm32f4xx_hal.o(i.HAL_DBGMCU_EnableDBGSleepMode), (16 bytes).
    Removing stm32f4xx_hal.o(i.HAL_DBGMCU_EnableDBGStandbyMode), (16 bytes).
    Removing stm32f4xx_hal.o(i.HAL_DBGMCU_EnableDBGStopMode), (16 bytes).
    Removing stm32f4xx_hal.o(i.HAL_DeInit), (52 bytes).
    Removing stm32f4xx_hal.o(i.HAL_DisableCompensationCell), (28 bytes).
    Removing stm32f4xx_hal.o(i.HAL_EnableCompensationCell), (28 bytes).
    Removing stm32f4xx_hal.o(i.HAL_GetDEVID), (16 bytes).
    Removing stm32f4xx_hal.o(i.HAL_GetHalVersion), (8 bytes).
    Removing stm32f4xx_hal.o(i.HAL_GetREVID), (12 bytes).
    Removing stm32f4xx_hal.o(i.HAL_MspDeInit), (2 bytes).
    Removing stm32f4xx_hal.o(i.HAL_MspInit), (2 bytes).
    Removing stm32f4xx_hal.o(i.HAL_ResumeTick), (14 bytes).
    Removing stm32f4xx_hal.o(i.HAL_SuspendTick), (14 bytes).
    Removing stm32f4xx_hal_cortex.o(.rev16_text), (4 bytes).
    Removing stm32f4xx_hal_cortex.o(.revsh_text), (4 bytes).
    Removing stm32f4xx_hal_cortex.o(.rrx_text), (6 bytes).
    Removing stm32f4xx_hal_cortex.o(i.HAL_MPU_ConfigRegion), (84 bytes).
    Removing stm32f4xx_hal_cortex.o(i.HAL_NVIC_ClearPendingIRQ), (22 bytes).
    Removing stm32f4xx_hal_cortex.o(i.HAL_NVIC_GetActive), (32 bytes).
    Removing stm32f4xx_hal_cortex.o(i.HAL_NVIC_GetPendingIRQ), (32 bytes).
    Removing stm32f4xx_hal_cortex.o(i.HAL_NVIC_GetPriority), (82 bytes).
    Removing stm32f4xx_hal_cortex.o(i.HAL_NVIC_GetPriorityGrouping), (16 bytes).
    Removing stm32f4xx_hal_cortex.o(i.HAL_NVIC_SetPendingIRQ), (22 bytes).
    Removing stm32f4xx_hal_cortex.o(i.HAL_NVIC_SystemReset), (36 bytes).
    Removing stm32f4xx_hal_cortex.o(i.HAL_SYSTICK_CLKSourceConfig), (24 bytes).
    Removing stm32f4xx_hal_cortex.o(i.HAL_SYSTICK_Callback), (2 bytes).
    Removing stm32f4xx_hal_cortex.o(i.HAL_SYSTICK_IRQHandler), (8 bytes).
    Removing stm32f4xx_hal_rcc.o(.rev16_text), (4 bytes).
    Removing stm32f4xx_hal_rcc.o(.revsh_text), (4 bytes).
    Removing stm32f4xx_hal_rcc.o(.rrx_text), (6 bytes).
    Removing stm32f4xx_hal_rcc.o(i.HAL_RCC_CSSCallback), (2 bytes).
    Removing stm32f4xx_hal_rcc.o(i.HAL_RCC_DeInit), (2 bytes).
    Removing stm32f4xx_hal_rcc.o(i.HAL_RCC_DisableCSS), (12 bytes).
    Removing stm32f4xx_hal_rcc.o(i.HAL_RCC_EnableCSS), (12 bytes).
    Removing stm32f4xx_hal_rcc.o(i.HAL_RCC_GetClockConfig), (64 bytes).
    Removing stm32f4xx_hal_rcc.o(i.HAL_RCC_GetHCLKFreq), (12 bytes).
    Removing stm32f4xx_hal_rcc.o(i.HAL_RCC_GetOscConfig), (224 bytes).
    Removing stm32f4xx_hal_rcc.o(i.HAL_RCC_MCOConfig), (140 bytes).
    Removing stm32f4xx_hal_rcc.o(i.HAL_RCC_NMI_IRQHandler), (28 bytes).
    Removing stm32f4xx_hal_rcc_ex.o(.rev16_text), (4 bytes).
    Removing stm32f4xx_hal_rcc_ex.o(.revsh_text), (4 bytes).
    Removing stm32f4xx_hal_rcc_ex.o(.rrx_text), (6 bytes).
    Removing stm32f4xx_hal_rcc_ex.o(i.HAL_RCCEx_GetPeriphCLKConfig), (104 bytes).
    Removing stm32f4xx_hal_rcc_ex.o(i.HAL_RCCEx_PeriphCLKConfig), (360 bytes).
    Removing stm32f4xx_hal_rcc_ex.o(i.HAL_RCCEx_SelectLSEMode), (28 bytes).
    Removing stm32f4xx_hal_rcc_ex.o(i.HAL_RCC_DeInit), (100 bytes).
    Removing stm32f4xx_hal_dma.o(.rev16_text), (4 bytes).
    Removing stm32f4xx_hal_dma.o(.revsh_text), (4 bytes).
    Removing stm32f4xx_hal_dma.o(.rrx_text), (6 bytes).
    Removing stm32f4xx_hal_dma.o(i.DMA_CalcBaseAndBitshift), (40 bytes).
    Removing stm32f4xx_hal_dma.o(i.DMA_CheckFifoParam), (84 bytes).
    Removing stm32f4xx_hal_dma.o(i.DMA_SetConfig), (40 bytes).
    Removing stm32f4xx_hal_dma.o(i.HAL_DMA_Abort), (142 bytes).
    Removing stm32f4xx_hal_dma.o(i.HAL_DMA_DeInit), (86 bytes).
    Removing stm32f4xx_hal_dma.o(i.HAL_DMA_GetError), (4 bytes).
    Removing stm32f4xx_hal_dma.o(i.HAL_DMA_GetState), (6 bytes).
    Removing stm32f4xx_hal_dma.o(i.HAL_DMA_IRQHandler), (424 bytes).
    Removing stm32f4xx_hal_dma.o(i.HAL_DMA_Init), (208 bytes).
    Removing stm32f4xx_hal_dma.o(i.HAL_DMA_PollForTransfer), (300 bytes).
    Removing stm32f4xx_hal_dma.o(i.HAL_DMA_RegisterCallback), (80 bytes).
    Removing stm32f4xx_hal_dma.o(i.HAL_DMA_Start), (70 bytes).
    Removing stm32f4xx_hal_dma.o(i.HAL_DMA_Start_IT), (120 bytes).
    Removing stm32f4xx_hal_dma.o(i.HAL_DMA_UnRegisterCallback), (96 bytes).
    Removing stm32f4xx_hal_dma.o(.constdata), (8 bytes).
    Removing stm32f4xx_hal_gpio.o(.rev16_text), (4 bytes).
    Removing stm32f4xx_hal_gpio.o(.revsh_text), (4 bytes).
    Removing stm32f4xx_hal_gpio.o(.rrx_text), (6 bytes).
    Removing stm32f4xx_hal_gpio.o(i.HAL_GPIO_DeInit), (272 bytes).
    Removing stm32f4xx_hal_gpio.o(i.HAL_GPIO_EXTI_Callback), (2 bytes).
    Removing stm32f4xx_hal_gpio.o(i.HAL_GPIO_LockPin), (34 bytes).
    Removing stm32f4xx_hal_gpio.o(i.HAL_GPIO_ReadPin), (10 bytes).
    Removing stm32f4xx_hal_gpio.o(i.HAL_GPIO_TogglePin), (8 bytes).
    Removing stm32f4xx_hal_gpio.o(i.HAL_GPIO_WritePin), (10 bytes).
    Removing stm32f4xx_hal_uart.o(.rev16_text), (4 bytes).
    Removing stm32f4xx_hal_uart.o(.revsh_text), (4 bytes).
    Removing stm32f4xx_hal_uart.o(.rrx_text), (6 bytes).
    Removing stm32f4xx_hal_uart.o(i.HAL_HalfDuplex_EnableReceiver), (50 bytes).
    Removing stm32f4xx_hal_uart.o(i.HAL_HalfDuplex_EnableTransmitter), (50 bytes).
    Removing stm32f4xx_hal_uart.o(i.HAL_HalfDuplex_Init), (108 bytes).
    Removing stm32f4xx_hal_uart.o(i.HAL_LIN_Init), (128 bytes).
    Removing stm32f4xx_hal_uart.o(i.HAL_LIN_SendBreak), (46 bytes).
    Removing stm32f4xx_hal_uart.o(i.HAL_MultiProcessor_EnterMuteMode), (46 bytes).
    Removing stm32f4xx_hal_uart.o(i.HAL_MultiProcessor_ExitMuteMode), (46 bytes).
    Removing stm32f4xx_hal_uart.o(i.HAL_MultiProcessor_Init), (142 bytes).
    Removing stm32f4xx_hal_uart.o(i.HAL_UART_DMAPause), (102 bytes).
    Removing stm32f4xx_hal_uart.o(i.HAL_UART_DMAResume), (94 bytes).
    Removing stm32f4xx_hal_uart.o(i.HAL_UART_DMAStop), (88 bytes).
    Removing stm32f4xx_hal_uart.o(i.HAL_UART_DeInit), (40 bytes).
    Removing stm32f4xx_hal_uart.o(i.HAL_UART_ErrorCallback), (2 bytes).
    Removing stm32f4xx_hal_uart.o(i.HAL_UART_GetError), (4 bytes).
    Removing stm32f4xx_hal_uart.o(i.HAL_UART_GetState), (10 bytes).
    Removing stm32f4xx_hal_uart.o(i.HAL_UART_IRQHandler), (272 bytes).
    Removing stm32f4xx_hal_uart.o(i.HAL_UART_MspDeInit), (2 bytes).
    Removing stm32f4xx_hal_uart.o(i.HAL_UART_MspInit), (2 bytes).
    Removing stm32f4xx_hal_uart.o(i.HAL_UART_Receive), (186 bytes).
    Removing stm32f4xx_hal_uart.o(i.HAL_UART_Receive_DMA), (144 bytes).
    Removing stm32f4xx_hal_uart.o(i.HAL_UART_Receive_IT), (72 bytes).
    Removing stm32f4xx_hal_uart.o(i.HAL_UART_RxCpltCallback), (2 bytes).
    Removing stm32f4xx_hal_uart.o(i.HAL_UART_RxHalfCpltCallback), (2 bytes).
    Removing stm32f4xx_hal_uart.o(i.HAL_UART_Transmit), (186 bytes).
    Removing stm32f4xx_hal_uart.o(i.HAL_UART_Transmit_DMA), (128 bytes).
    Removing stm32f4xx_hal_uart.o(i.HAL_UART_Transmit_IT), (62 bytes).
    Removing stm32f4xx_hal_uart.o(i.HAL_UART_TxCpltCallback), (2 bytes).
    Removing stm32f4xx_hal_uart.o(i.HAL_UART_TxHalfCpltCallback), (2 bytes).
    Removing stm32f4xx_hal_uart.o(i.UART_DMAAbortOnError), (16 bytes).
    Removing stm32f4xx_hal_uart.o(i.UART_DMAError), (74 bytes).
    Removing stm32f4xx_hal_uart.o(i.UART_DMAReceiveCplt), (60 bytes).
    Removing stm32f4xx_hal_uart.o(i.UART_DMARxHalfCplt), (10 bytes).
    Removing stm32f4xx_hal_uart.o(i.UART_DMATransmitCplt), (46 bytes).
    Removing stm32f4xx_hal_uart.o(i.UART_DMATxHalfCplt), (10 bytes).
    Removing stm32f4xx_hal_uart.o(i.UART_EndRxTransfer), (28 bytes).
    Removing stm32f4xx_hal_uart.o(i.UART_EndTxTransfer), (18 bytes).
    Removing stm32f4xx_hal_uart.o(i.UART_Receive_IT), (140 bytes).
    Removing stm32f4xx_hal_uart.o(i.UART_Transmit_IT), (98 bytes).
    Removing stm32f4xx_hal_uart.o(i.UART_WaitOnFlagUntilTimeout), (100 bytes).
    Removing stm32f4xx_hal_spi.o(.rev16_text), (4 bytes).
    Removing stm32f4xx_hal_spi.o(.revsh_text), (4 bytes).
    Removing stm32f4xx_hal_spi.o(.rrx_text), (6 bytes).
    Removing stm32f4xx_hal_spi.o(i.HAL_SPI_DMAPause), (38 bytes).
    Removing stm32f4xx_hal_spi.o(i.HAL_SPI_DMAResume), (38 bytes).
    Removing stm32f4xx_hal_spi.o(i.HAL_SPI_DMAStop), (40 bytes).
    Removing stm32f4xx_hal_spi.o(i.HAL_SPI_DeInit), (46 bytes).
    Removing stm32f4xx_hal_spi.o(i.HAL_SPI_ErrorCallback), (2 bytes).
    Removing stm32f4xx_hal_spi.o(i.HAL_SPI_GetError), (4 bytes).
    Removing stm32f4xx_hal_spi.o(i.HAL_SPI_GetState), (6 bytes).
    Removing stm32f4xx_hal_spi.o(i.HAL_SPI_MspDeInit), (2 bytes).
    Removing stm32f4xx_hal_spi.o(i.HAL_SPI_MspInit), (2 bytes).
    Removing stm32f4xx_hal_spi.o(i.HAL_SPI_Receive_DMA), (244 bytes).
    Removing stm32f4xx_hal_spi.o(i.HAL_SPI_Receive_IT), (196 bytes).
    Removing stm32f4xx_hal_spi.o(i.HAL_SPI_RxCpltCallback), (2 bytes).
    Removing stm32f4xx_hal_spi.o(i.HAL_SPI_RxHalfCpltCallback), (2 bytes).
    Removing stm32f4xx_hal_spi.o(i.HAL_SPI_TransmitReceive_DMA), (292 bytes).
    Removing stm32f4xx_hal_spi.o(i.HAL_SPI_TransmitReceive_IT), (196 bytes).
    Removing stm32f4xx_hal_spi.o(i.HAL_SPI_Transmit_DMA), (212 bytes).
    Removing stm32f4xx_hal_spi.o(i.HAL_SPI_Transmit_IT), (180 bytes).
    Removing stm32f4xx_hal_spi.o(i.HAL_SPI_TxCpltCallback), (2 bytes).
    Removing stm32f4xx_hal_spi.o(i.HAL_SPI_TxHalfCpltCallback), (2 bytes).
    Removing stm32f4xx_hal_spi.o(i.HAL_SPI_TxRxCpltCallback), (2 bytes).
    Removing stm32f4xx_hal_spi.o(i.HAL_SPI_TxRxHalfCpltCallback), (2 bytes).
    Removing stm32f4xx_hal_spi.o(i.SPI_2linesRxISR_16BIT), (64 bytes).
    Removing stm32f4xx_hal_spi.o(i.SPI_2linesRxISR_16BITCRC), (34 bytes).
    Removing stm32f4xx_hal_spi.o(i.SPI_2linesRxISR_8BIT), (64 bytes).
    Removing stm32f4xx_hal_spi.o(i.SPI_2linesRxISR_8BITCRC), (44 bytes).
    Removing stm32f4xx_hal_spi.o(i.SPI_2linesTxISR_16BIT), (74 bytes).
    Removing stm32f4xx_hal_spi.o(i.SPI_2linesTxISR_8BIT), (72 bytes).
    Removing stm32f4xx_hal_spi.o(i.SPI_CloseRxTx_ISR), (176 bytes).
    Removing stm32f4xx_hal_spi.o(i.SPI_CloseRx_ISR), (104 bytes).
    Removing stm32f4xx_hal_spi.o(i.SPI_CloseTx_ISR), (124 bytes).
    Removing stm32f4xx_hal_spi.o(i.SPI_DMAError), (34 bytes).
    Removing stm32f4xx_hal_spi.o(i.SPI_DMAHalfReceiveCplt), (10 bytes).
    Removing stm32f4xx_hal_spi.o(i.SPI_DMAHalfTransmitCplt), (10 bytes).
    Removing stm32f4xx_hal_spi.o(i.SPI_DMAHalfTransmitReceiveCplt), (10 bytes).
    Removing stm32f4xx_hal_spi.o(i.SPI_DMAReceiveCplt), (160 bytes).
    Removing stm32f4xx_hal_spi.o(i.SPI_DMATransmitCplt), (90 bytes).
    Removing stm32f4xx_hal_spi.o(i.SPI_DMATransmitReceiveCplt), (152 bytes).
    Removing stm32f4xx_hal_spi.o(i.SPI_RxISR_16BIT), (72 bytes).
    Removing stm32f4xx_hal_spi.o(i.SPI_RxISR_16BITCRC), (34 bytes).
    Removing stm32f4xx_hal_spi.o(i.SPI_RxISR_8BIT), (72 bytes).
    Removing stm32f4xx_hal_spi.o(i.SPI_RxISR_8BITCRC), (26 bytes).
    Removing stm32f4xx_hal_spi.o(i.SPI_TxISR_16BIT), (50 bytes).
    Removing stm32f4xx_hal_spi.o(i.SPI_TxISR_8BIT), (48 bytes).
    Removing stm32f4_msp.o(.rev16_text), (4 bytes).
    Removing stm32f4_msp.o(.revsh_text), (4 bytes).
    Removing stm32f4_msp.o(.rrx_text), (6 bytes).
    Removing stm32f4_delay.o(.rev16_text), (4 bytes).
    Removing stm32f4_delay.o(.revsh_text), (4 bytes).
    Removing stm32f4_delay.o(.rrx_text), (6 bytes).
    Removing stm32f4_delay.o(i.delay_us), (28 bytes).
    Removing stm32f4_exti.o(.rev16_text), (4 bytes).
    Removing stm32f4_exti.o(.revsh_text), (4 bytes).
    Removing stm32f4_exti.o(.rrx_text), (6 bytes).
    Removing stm32f4_uart.o(.rev16_text), (4 bytes).
    Removing stm32f4_uart.o(.revsh_text), (4 bytes).
    Removing stm32f4_uart.o(.rrx_text), (6 bytes).
    Removing stm32f4_uart.o(i.HAL_UART_ErrorCallback), (2 bytes).
    Removing stm32f4_uart.o(i.HAL_UART_MspDeInit), (72 bytes).
    Removing stm32f4_uart.o(i.HAL_UART_RxHalfCpltCallback), (2 bytes).
    Removing stm32f4_uart.o(i.HAL_UART_TxHalfCpltCallback), (2 bytes).
    Removing stm32f4_uart.o(i.UART_RecvData), (72 bytes).
    Removing stm32f4_uart.o(i.UART_SendData), (72 bytes).
    Removing stm32f4_spi.o(.rev16_text), (4 bytes).
    Removing stm32f4_spi.o(.revsh_text), (4 bytes).
    Removing stm32f4_spi.o(.rrx_text), (6 bytes).
    Removing stm32f4_spi.o(i.HAL_SPI_MspDeInit), (80 bytes).
    Removing stm32f4_spi.o(i.HAL_SPI_RxCpltCallback), (2 bytes).
    Removing stm32f4_spi.o(i.HAL_SPI_RxHalfCpltCallback), (2 bytes).
    Removing stm32f4_spi.o(i.HAL_SPI_TxCpltCallback), (2 bytes).
    Removing stm32f4_spi.o(i.HAL_SPI_TxHalfCpltCallback), (2 bytes).
    Removing stm32f4_spi.o(i.HAL_SPI_TxRxCpltCallback), (2 bytes).
    Removing stm32f4_spi.o(i.HAL_SPI_TxRxHalfCpltCallback), (2 bytes).
    Removing main.o(.rev16_text), (4 bytes).
    Removing main.o(.revsh_text), (4 bytes).
    Removing main.o(.rrx_text), (6 bytes).
    Removing main.o(i.DEMO_SSTWR_INITIATOR), (532 bytes).
    Removing main.o(i.final_msg_set_ts), (22 bytes).
    Removing main.o(i.resp_msg_get_ts), (26 bytes).
    Removing stm32f4xx_bsp.o(.rev16_text), (4 bytes).
    Removing stm32f4xx_bsp.o(.revsh_text), (4 bytes).
    Removing stm32f4xx_bsp.o(.rrx_text), (6 bytes).
    Removing stm32f4xx_it.o(.rev16_text), (4 bytes).
    Removing stm32f4xx_it.o(.revsh_text), (4 bytes).
    Removing stm32f4xx_it.o(.rrx_text), (6 bytes).
    Removing serial.o(.rev16_text), (4 bytes).
    Removing serial.o(.revsh_text), (4 bytes).
    Removing serial.o(.rrx_text), (6 bytes).
    Removing serial.o(i.fgetc), (24 bytes).
    Removing dw1000.o(.rev16_text), (4 bytes).
    Removing dw1000.o(.revsh_text), (4 bytes).
    Removing dw1000.o(.rrx_text), (6 bytes).
    Removing dw1000.o(i.DWT_CalibRateSleepCnt), (148 bytes).
    Removing dw1000.o(i.DWT_CheckIRQ), (16 bytes).
    Removing dw1000.o(i.DWT_ConfigCWMode), (132 bytes).
    Removing dw1000.o(i.DWT_ConfigContinuousFrameMode), (76 bytes).
    Removing dw1000.o(i.DWT_ConfigEventCounters), (34 bytes).
    Removing dw1000.o(i.DWT_ConfigureSleep), (36 bytes).
    Removing dw1000.o(i.DWT_ConfigureSleepCnt), (72 bytes).
    Removing dw1000.o(i.DWT_ConfigureTxRF), (28 bytes).
    Removing dw1000.o(i.DWT_DisableIRQ), (6 bytes).
    Removing dw1000.o(i.DWT_EnableAutoAck), (40 bytes).
    Removing dw1000.o(i.DWT_EnableFrameFilter), (64 bytes).
    Removing dw1000.o(i.DWT_EnableIRQ), (6 bytes).
    Removing dw1000.o(i.DWT_EnterSleep), (4 bytes).
    Removing dw1000.o(i.DWT_EnterSleepAfterTx), (36 bytes).
    Removing dw1000.o(i.DWT_GetEUI), (12 bytes).
    Removing dw1000.o(i.DWT_OtpRead), (48 bytes).
    Removing dw1000.o(i.DWT_ReadAccData), (36 bytes).
    Removing dw1000.o(i.DWT_ReadDiagnostics), (60 bytes).
    Removing dw1000.o(i.DWT_ReadEventCounters), (126 bytes).
    Removing dw1000.o(i.DWT_ReadRxTimestampH32), (8 bytes).
    Removing dw1000.o(i.DWT_ReadRxTimestampL32), (8 bytes).
    Removing dw1000.o(i.DWT_ReadSysTime), (12 bytes).
    Removing dw1000.o(i.DWT_ReadSysTimestampH32), (8 bytes).
    Removing dw1000.o(i.DWT_ReadTxTimestampH32), (8 bytes).
    Removing dw1000.o(i.DWT_ReadTxTimestampL32), (8 bytes).
    Removing dw1000.o(i.DWT_SetAddress16), (10 bytes).
    Removing dw1000.o(i.DWT_SetCallbacks), (16 bytes).
    Removing dw1000.o(i.DWT_SetDblRxBufMode), (40 bytes).
    Removing dw1000.o(i.DWT_SetEUI), (12 bytes).
    Removing dw1000.o(i.DWT_SetFineGrainTxSeq), (18 bytes).
    Removing dw1000.o(i.DWT_SetInterrupt), (48 bytes).
    Removing dw1000.o(i.DWT_SetLnaPaMode), (42 bytes).
    Removing dw1000.o(i.DWT_SetLowPowerListening), (36 bytes).
    Removing dw1000.o(i.DWT_SetPanID), (10 bytes).
    Removing dw1000.o(i.DWT_SetSmartTxPower), (48 bytes).
    Removing dw1000.o(i.DWT_SetSniffMode), (68 bytes).
    Removing dw1000.o(i.DWT_SetSnoozeTime), (10 bytes).
    Removing dw1000.o(i.DWT_SpiCsWakeup), (56 bytes).
    Removing dw1000.o(i._DWT_AONConfigUpload), (26 bytes).
    Removing string.o(.rev16_text), (4 bytes).
    Removing string.o(.revsh_text), (4 bytes).
    Removing string.o(.rrx_text), (6 bytes).
    Removing string.o(i.lenOfStr), (24 bytes).
    Removing string.o(i.num2Str), (248 bytes).
    Removing dflti.o(.text), (34 bytes).
    Removing serial.o(i.Serial_SendData), (24 bytes).
    Removing serial.o(i.Serial_RecvData), (24 bytes).

268 unused section(s) (total 13100 bytes) removed from the image.

==============================================================================

Image Symbol Table

    Local Symbols

    Symbol Name                              Value     Ov Type        Size  Object(Section)

    ../clib/microlib/division.c              0x00000000   Number         0  uldiv.o ABSOLUTE
    ../clib/microlib/division.c              0x00000000   Number         0  uidiv.o ABSOLUTE
    ../clib/microlib/init/entry.s            0x00000000   Number         0  entry7b.o ABSOLUTE
    ../clib/microlib/init/entry.s            0x00000000   Number         0  entry11b.o ABSOLUTE
    ../clib/microlib/init/entry.s            0x00000000   Number         0  entry11a.o ABSOLUTE
    ../clib/microlib/init/entry.s            0x00000000   Number         0  entry10b.o ABSOLUTE
    ../clib/microlib/init/entry.s            0x00000000   Number         0  entry10a.o ABSOLUTE
    ../clib/microlib/init/entry.s            0x00000000   Number         0  entry9b.o ABSOLUTE
    ../clib/microlib/init/entry.s            0x00000000   Number         0  entry8b.o ABSOLUTE
    ../clib/microlib/init/entry.s            0x00000000   Number         0  entry.o ABSOLUTE
    ../clib/microlib/init/entry.s            0x00000000   Number         0  entry9a.o ABSOLUTE
    ../clib/microlib/init/entry.s            0x00000000   Number         0  entry8a.o ABSOLUTE
    ../clib/microlib/init/entry.s            0x00000000   Number         0  entry2.o ABSOLUTE
    ../clib/microlib/init/entry.s            0x00000000   Number         0  entry5.o ABSOLUTE
    ../clib/microlib/init/entry.s            0x00000000   Number         0  entry7a.o ABSOLUTE
    ../clib/microlib/longlong.c              0x00000000   Number         0  llushr.o ABSOLUTE
    ../clib/microlib/longlong.c              0x00000000   Number         0  llsshr.o ABSOLUTE
    ../clib/microlib/longlong.c              0x00000000   Number         0  llshl.o ABSOLUTE
    ../clib/microlib/printf/printf.c         0x00000000   Number         0  printf6.o ABSOLUTE
    ../clib/microlib/printf/printf.c         0x00000000   Number         0  printf1.o ABSOLUTE
    ../clib/microlib/printf/printf.c         0x00000000   Number         0  printf0.o ABSOLUTE
    ../clib/microlib/printf/printf.c         0x00000000   Number         0  printfb.o ABSOLUTE
    ../clib/microlib/printf/printf.c         0x00000000   Number         0  printf5.o ABSOLUTE
    ../clib/microlib/printf/printf.c         0x00000000   Number         0  printf4.o ABSOLUTE
    ../clib/microlib/printf/printf.c         0x00000000   Number         0  printf3.o ABSOLUTE
    ../clib/microlib/printf/printf.c         0x00000000   Number         0  printf2.o ABSOLUTE
    ../clib/microlib/printf/printf.c         0x00000000   Number         0  printfa.o ABSOLUTE
    ../clib/microlib/printf/printf.c         0x00000000   Number         0  printf8.o ABSOLUTE
    ../clib/microlib/printf/printf.c         0x00000000   Number         0  printf7.o ABSOLUTE
    ../clib/microlib/printf/stubs.s          0x00000000   Number         0  stubs.o ABSOLUTE
    ../clib/microlib/stdio/streams.c         0x00000000   Number         0  stdout.o ABSOLUTE
    ../clib/microlib/string/memcmp.c         0x00000000   Number         0  memcmp.o ABSOLUTE
    ../clib/microlib/string/memset.c         0x00000000   Number         0  memseta.o ABSOLUTE
    ../clib/microlib/stubs.s                 0x00000000   Number         0  iusefp.o ABSOLUTE
    ../fplib/microlib/fpadd.c                0x00000000   Number         0  dadd.o ABSOLUTE
    ../fplib/microlib/fpdiv.c                0x00000000   Number         0  ddiv.o ABSOLUTE
    ../fplib/microlib/fpepilogue.c           0x00000000   Number         0  depilogue.o ABSOLUTE
    ../fplib/microlib/fpfix.c                0x00000000   Number         0  dfixul.o ABSOLUTE
    ../fplib/microlib/fpfix.c                0x00000000   Number         0  dfixl.o ABSOLUTE
    ../fplib/microlib/fpflt.c                0x00000000   Number         0  dfltui.o ABSOLUTE
    ../fplib/microlib/fpflt.c                0x00000000   Number         0  dflti.o ABSOLUTE
    ../fplib/microlib/fpflt.c                0x00000000   Number         0  dfltl.o ABSOLUTE
    ../fplib/microlib/fpmul.c                0x00000000   Number         0  dmul.o ABSOLUTE
    ..\Libraries\CMSIS\Device\startup_stm32f411xe.s 0x00000000   Number         0  startup_stm32f411xe.o ABSOLUTE
    ..\Libraries\CMSIS\Device\system_stm32f4xx.c 0x00000000   Number         0  system_stm32f4xx.o ABSOLUTE
    ..\Libraries\STM32F4xx_HAL_Driver\Src\stm32f4xx_hal.c 0x00000000   Number         0  stm32f4xx_hal.o ABSOLUTE
    ..\Libraries\STM32F4xx_HAL_Driver\Src\stm32f4xx_hal_cortex.c 0x00000000   Number         0  stm32f4xx_hal_cortex.o ABSOLUTE
    ..\Libraries\STM32F4xx_HAL_Driver\Src\stm32f4xx_hal_dma.c 0x00000000   Number         0  stm32f4xx_hal_dma.o ABSOLUTE
    ..\Libraries\STM32F4xx_HAL_Driver\Src\stm32f4xx_hal_gpio.c 0x00000000   Number         0  stm32f4xx_hal_gpio.o ABSOLUTE
    ..\Libraries\STM32F4xx_HAL_Driver\Src\stm32f4xx_hal_rcc.c 0x00000000   Number         0  stm32f4xx_hal_rcc.o ABSOLUTE
    ..\Libraries\STM32F4xx_HAL_Driver\Src\stm32f4xx_hal_rcc_ex.c 0x00000000   Number         0  stm32f4xx_hal_rcc_ex.o ABSOLUTE
    ..\Libraries\STM32F4xx_HAL_Driver\Src\stm32f4xx_hal_spi.c 0x00000000   Number         0  stm32f4xx_hal_spi.o ABSOLUTE
    ..\Libraries\STM32F4xx_HAL_Driver\Src\stm32f4xx_hal_uart.c 0x00000000   Number         0  stm32f4xx_hal_uart.o ABSOLUTE
    ..\Program\algorithms\string.c           0x00000000   Number         0  string.o ABSOLUTE
    ..\Program\drivers\stm32f4_delay.c       0x00000000   Number         0  stm32f4_delay.o ABSOLUTE
    ..\Program\drivers\stm32f4_exti.c        0x00000000   Number         0  stm32f4_exti.o ABSOLUTE
    ..\Program\drivers\stm32f4_msp.c         0x00000000   Number         0  stm32f4_msp.o ABSOLUTE
    ..\Program\drivers\stm32f4_spi.c         0x00000000   Number         0  stm32f4_spi.o ABSOLUTE
    ..\Program\drivers\stm32f4_uart.c        0x00000000   Number         0  stm32f4_uart.o ABSOLUTE
    ..\Program\main.c                        0x00000000   Number         0  main.o ABSOLUTE
    ..\Program\modules\dw1000.c              0x00000000   Number         0  dw1000.o ABSOLUTE
    ..\Program\modules\serial.c              0x00000000   Number         0  serial.o ABSOLUTE
    ..\Program\stm32f4xx_bsp.c               0x00000000   Number         0  stm32f4xx_bsp.o ABSOLUTE
    ..\Program\stm32f4xx_it.c                0x00000000   Number         0  stm32f4xx_it.o ABSOLUTE
    ..\\Libraries\\CMSIS\\Device\\system_stm32f4xx.c 0x00000000   Number         0  system_stm32f4xx.o ABSOLUTE
    ..\\Libraries\\STM32F4xx_HAL_Driver\\Src\\stm32f4xx_hal.c 0x00000000   Number         0  stm32f4xx_hal.o ABSOLUTE
    ..\\Libraries\\STM32F4xx_HAL_Driver\\Src\\stm32f4xx_hal_cortex.c 0x00000000   Number         0  stm32f4xx_hal_cortex.o ABSOLUTE
    ..\\Libraries\\STM32F4xx_HAL_Driver\\Src\\stm32f4xx_hal_dma.c 0x00000000   Number         0  stm32f4xx_hal_dma.o ABSOLUTE
    ..\\Libraries\\STM32F4xx_HAL_Driver\\Src\\stm32f4xx_hal_gpio.c 0x00000000   Number         0  stm32f4xx_hal_gpio.o ABSOLUTE
    ..\\Libraries\\STM32F4xx_HAL_Driver\\Src\\stm32f4xx_hal_rcc.c 0x00000000   Number         0  stm32f4xx_hal_rcc.o ABSOLUTE
    ..\\Libraries\\STM32F4xx_HAL_Driver\\Src\\stm32f4xx_hal_rcc_ex.c 0x00000000   Number         0  stm32f4xx_hal_rcc_ex.o ABSOLUTE
    ..\\Libraries\\STM32F4xx_HAL_Driver\\Src\\stm32f4xx_hal_spi.c 0x00000000   Number         0  stm32f4xx_hal_spi.o ABSOLUTE
    ..\\Libraries\\STM32F4xx_HAL_Driver\\Src\\stm32f4xx_hal_uart.c 0x00000000   Number         0  stm32f4xx_hal_uart.o ABSOLUTE
    ..\\Program\\algorithms\\string.c        0x00000000   Number         0  string.o ABSOLUTE
    ..\\Program\\drivers\\stm32f4_delay.c    0x00000000   Number         0  stm32f4_delay.o ABSOLUTE
    ..\\Program\\drivers\\stm32f4_exti.c     0x00000000   Number         0  stm32f4_exti.o ABSOLUTE
    ..\\Program\\drivers\\stm32f4_msp.c      0x00000000   Number         0  stm32f4_msp.o ABSOLUTE
    ..\\Program\\drivers\\stm32f4_spi.c      0x00000000   Number         0  stm32f4_spi.o ABSOLUTE
    ..\\Program\\drivers\\stm32f4_uart.c     0x00000000   Number         0  stm32f4_uart.o ABSOLUTE
    ..\\Program\\main.c                      0x00000000   Number         0  main.o ABSOLUTE
    ..\\Program\\modules\\dw1000.c           0x00000000   Number         0  dw1000.o ABSOLUTE
    ..\\Program\\modules\\serial.c           0x00000000   Number         0  serial.o ABSOLUTE
    ..\\Program\\stm32f4xx_bsp.c             0x00000000   Number         0  stm32f4xx_bsp.o ABSOLUTE
    ..\\Program\\stm32f4xx_it.c              0x00000000   Number         0  stm32f4xx_it.o ABSOLUTE
    cdcmple.s                                0x00000000   Number         0  cdcmple.o ABSOLUTE
    cdrcmple.s                               0x00000000   Number         0  cdrcmple.o ABSOLUTE
    dc.s                                     0x00000000   Number         0  dc.o ABSOLUTE
    handlers.s                               0x00000000   Number         0  handlers.o ABSOLUTE
    init.s                                   0x00000000   Number         0  init.o ABSOLUTE
    RESET                                    0x08000000   Section      408  startup_stm32f411xe.o(RESET)
    .ARM.Collect$$$$00000000                 0x08000198   Section        0  entry.o(.ARM.Collect$$$$00000000)
    .ARM.Collect$$$$00000001                 0x08000198   Section        4  entry2.o(.ARM.Collect$$$$00000001)
    .ARM.Collect$$$$00000004                 0x0800019c   Section        4  entry5.o(.ARM.Collect$$$$00000004)
    .ARM.Collect$$$$00000008                 0x080001a0   Section        0  entry7b.o(.ARM.Collect$$$$00000008)
    .ARM.Collect$$$$0000000A                 0x080001a0   Section        0  entry8b.o(.ARM.Collect$$$$0000000A)
    .ARM.Collect$$$$0000000B                 0x080001a0   Section        8  entry9a.o(.ARM.Collect$$$$0000000B)
    .ARM.Collect$$$$0000000D                 0x080001a8   Section        0  entry10a.o(.ARM.Collect$$$$0000000D)
    .ARM.Collect$$$$0000000F                 0x080001a8   Section        0  entry11a.o(.ARM.Collect$$$$0000000F)
    .ARM.Collect$$$$00002712                 0x080001a8   Section        4  entry2.o(.ARM.Collect$$$$00002712)
    __lit__00000000                          0x080001a8   Data           4  entry2.o(.ARM.Collect$$$$00002712)
    .text                                    0x080001ac   Section       36  startup_stm32f411xe.o(.text)
    $v0                                      0x080001ac   Number         0  startup_stm32f411xe.o(.text)
    .text                                    0x080001d0   Section        0  llushr.o(.text)
    .text                                    0x080001f0   Section        0  memcmp.o(.text)
    .text                                    0x0800020a   Section        0  dadd.o(.text)
    .text                                    0x08000358   Section        0  dmul.o(.text)
    .text                                    0x0800043c   Section        0  ddiv.o(.text)
    .text                                    0x0800051a   Section        0  dfltui.o(.text)
    .text                                    0x08000534   Section        0  dfltl.o(.text)
    .text                                    0x0800055c   Section        0  dfixl.o(.text)
    .text                                    0x080005a8   Section       48  cdcmple.o(.text)
    .text                                    0x080005d8   Section        0  uidiv.o(.text)
    .text                                    0x08000604   Section        0  uldiv.o(.text)
    .text                                    0x08000666   Section        0  llshl.o(.text)
    .text                                    0x08000684   Section        0  llsshr.o(.text)
    .text                                    0x080006a8   Section        0  iusefp.o(.text)
    .text                                    0x080006a8   Section        0  depilogue.o(.text)
    .text                                    0x08000762   Section        0  dfixul.o(.text)
    .text                                    0x08000794   Section       48  cdrcmple.o(.text)
    .text                                    0x080007c4   Section       36  init.o(.text)
    i.BSP_GPIO_Config                        0x080007e8   Section        0  stm32f4xx_bsp.o(i.BSP_GPIO_Config)
    i.BSP_UART_Config                        0x080008e0   Section        0  stm32f4xx_bsp.o(i.BSP_UART_Config)
    i.BSP_UWB_Config                         0x08000910   Section        0  stm32f4xx_bsp.o(i.BSP_UWB_Config)
    i.BusFault_Handler                       0x08000920   Section        0  stm32f4xx_it.o(i.BusFault_Handler)
    i.DEMO_SSTWR_RESPONDER                   0x08000924   Section        0  main.o(i.DEMO_SSTWR_RESPONDER)
    i.DWT_Config                             0x08000bc8   Section        0  dw1000.o(i.DWT_Config)
    i.DWT_Configure                          0x08000c54   Section        0  dw1000.o(i.DWT_Configure)
    i.DWT_ForceTxRxOff                       0x08000e58   Section        0  dw1000.o(i.DWT_ForceTxRxOff)
    i.DWT_GetSysStatus                       0x08000eac   Section        0  dw1000.o(i.DWT_GetSysStatus)
    i.DWT_ISR                                0x08000eb4   Section        0  dw1000.o(i.DWT_ISR)
    i.DWT_Initialise                         0x08000fc8   Section        0  dw1000.o(i.DWT_Initialise)
    i.DWT_ReadData                           0x08001104   Section        0  dw1000.o(i.DWT_ReadData)
    i.DWT_ReadData16                         0x08001174   Section        0  dw1000.o(i.DWT_ReadData16)
    i.DWT_ReadData32                         0x08001184   Section        0  dw1000.o(i.DWT_ReadData32)
    i.DWT_ReadData8                          0x08001192   Section        0  dw1000.o(i.DWT_ReadData8)
    i.DWT_ReadDeviceID                       0x080011a2   Section        0  dw1000.o(i.DWT_ReadDeviceID)
    i.DWT_ReadRxData                         0x080011aa   Section        0  dw1000.o(i.DWT_ReadRxData)
    i.DWT_ReadRxTimestamp                    0x080011bc   Section        0  dw1000.o(i.DWT_ReadRxTimestamp)
    i.DWT_ReadTxTimestamp                    0x080011c8   Section        0  dw1000.o(i.DWT_ReadTxTimestamp)
    i.DWT_RxEnable                           0x080011d4   Section        0  dw1000.o(i.DWT_RxEnable)
    i.DWT_RxReset                            0x08001220   Section        0  dw1000.o(i.DWT_RxReset)
    i.DWT_SetDelayedTxRxTime                 0x0800123a   Section        0  dw1000.o(i.DWT_SetDelayedTxRxTime)
    i.DWT_SetPreambleDetectTimeout           0x08001244   Section        0  dw1000.o(i.DWT_SetPreambleDetectTimeout)
    i.DWT_SetRxAfterTxDelay                  0x0800124e   Section        0  dw1000.o(i.DWT_SetRxAfterTxDelay)
    i.DWT_SetRxAntennaDelay                  0x0800126c   Section        0  dw1000.o(i.DWT_SetRxAntennaDelay)
    i.DWT_SetRxTimeout                       0x08001278   Section        0  dw1000.o(i.DWT_SetRxTimeout)
    i.DWT_SetSpeedHigh                       0x080012bc   Section        0  dw1000.o(i.DWT_SetSpeedHigh)
    i.DWT_SetSpeedLow                        0x080012cc   Section        0  dw1000.o(i.DWT_SetSpeedLow)
    i.DWT_SetSysStatus                       0x080012dc   Section        0  dw1000.o(i.DWT_SetSysStatus)
    i.DWT_SetTxAntennaDelay                  0x080012e6   Section        0  dw1000.o(i.DWT_SetTxAntennaDelay)
    i.DWT_SetXtalTrim                        0x080012f0   Section        0  dw1000.o(i.DWT_SetXtalTrim)
    i.DWT_SoftwareReset                      0x08001300   Section        0  dw1000.o(i.DWT_SoftwareReset)
    i.DWT_StartTx                            0x08001344   Section        0  dw1000.o(i.DWT_StartTx)
    i.DWT_SyncRxBufPtrs                      0x080013ac   Section        0  dw1000.o(i.DWT_SyncRxBufPtrs)
    i.DWT_WriteData                          0x080013d4   Section        0  dw1000.o(i.DWT_WriteData)
    i.DWT_WriteData16                        0x0800144c   Section        0  dw1000.o(i.DWT_WriteData16)
    i.DWT_WriteData32                        0x08001458   Section        0  dw1000.o(i.DWT_WriteData32)
    i.DWT_WriteData8                         0x08001464   Section        0  dw1000.o(i.DWT_WriteData8)
    i.DWT_WriteTxData                        0x08001470   Section        0  dw1000.o(i.DWT_WriteTxData)
    i.DWT_WriteTxFCtrl                       0x08001490   Section        0  dw1000.o(i.DWT_WriteTxFCtrl)
    i.DebugMon_Handler                       0x080014ac   Section        0  stm32f4xx_it.o(i.DebugMon_Handler)
    i.EXTI9_5_IRQHandler                     0x080014ae   Section        0  stm32f4xx_it.o(i.EXTI9_5_IRQHandler)
    i.HAL_DMA_Abort_IT                       0x080014b6   Section        0  stm32f4xx_hal_dma.o(i.HAL_DMA_Abort_IT)
    i.HAL_Delay                              0x080014da   Section        0  stm32f4xx_hal.o(i.HAL_Delay)
    i.HAL_GPIO_EXTI_Callback                 0x080014f0   Section        0  stm32f4_exti.o(i.HAL_GPIO_EXTI_Callback)
    i.HAL_GPIO_EXTI_IRQHandler               0x08001504   Section        0  stm32f4xx_hal_gpio.o(i.HAL_GPIO_EXTI_IRQHandler)
    i.HAL_GPIO_Init                          0x0800151c   Section        0  stm32f4xx_hal_gpio.o(i.HAL_GPIO_Init)
    i.HAL_GetTick                            0x080016a4   Section        0  stm32f4xx_hal.o(i.HAL_GetTick)
    i.HAL_IncTick                            0x080016b0   Section        0  stm32f4xx_hal.o(i.HAL_IncTick)
    i.HAL_Init                               0x080016c0   Section        0  stm32f4xx_hal.o(i.HAL_Init)
    i.HAL_InitTick                           0x080016f4   Section        0  stm32f4xx_hal.o(i.HAL_InitTick)
    i.HAL_MspInit                            0x0800171c   Section        0  stm32f4_msp.o(i.HAL_MspInit)
    i.HAL_NVIC_DisableIRQ                    0x080017a0   Section        0  stm32f4xx_hal_cortex.o(i.HAL_NVIC_DisableIRQ)
    i.HAL_NVIC_EnableIRQ                     0x080017b6   Section        0  stm32f4xx_hal_cortex.o(i.HAL_NVIC_EnableIRQ)
    i.HAL_NVIC_SetPriority                   0x080017cc   Section        0  stm32f4xx_hal_cortex.o(i.HAL_NVIC_SetPriority)
    i.HAL_NVIC_SetPriorityGrouping           0x0800180c   Section        0  stm32f4xx_hal_cortex.o(i.HAL_NVIC_SetPriorityGrouping)
    i.HAL_RCC_ClockConfig                    0x08001830   Section        0  stm32f4xx_hal_rcc.o(i.HAL_RCC_ClockConfig)
    i.HAL_RCC_GetPCLK1Freq                   0x080019ac   Section        0  stm32f4xx_hal_rcc.o(i.HAL_RCC_GetPCLK1Freq)
    i.HAL_RCC_GetPCLK2Freq                   0x080019dc   Section        0  stm32f4xx_hal_rcc.o(i.HAL_RCC_GetPCLK2Freq)
    i.HAL_RCC_GetSysClockFreq                0x08001a0c   Section        0  stm32f4xx_hal_rcc.o(i.HAL_RCC_GetSysClockFreq)
    i.HAL_RCC_OscConfig                      0x08001a6c   Section        0  stm32f4xx_hal_rcc.o(i.HAL_RCC_OscConfig)
    i.HAL_SPI_ErrorCallback                  0x08001d50   Section        0  stm32f4_spi.o(i.HAL_SPI_ErrorCallback)
    i.HAL_SPI_IRQHandler                     0x08001d54   Section        0  stm32f4xx_hal_spi.o(i.HAL_SPI_IRQHandler)
    i.HAL_SPI_Init                           0x08001e28   Section        0  stm32f4xx_hal_spi.o(i.HAL_SPI_Init)
    i.HAL_SPI_MspInit                        0x08001eb4   Section        0  stm32f4_spi.o(i.HAL_SPI_MspInit)
    i.HAL_SPI_Receive                        0x08001f28   Section        0  stm32f4xx_hal_spi.o(i.HAL_SPI_Receive)
    i.HAL_SPI_Transmit                       0x0800211a   Section        0  stm32f4xx_hal_spi.o(i.HAL_SPI_Transmit)
    i.HAL_SPI_TransmitReceive                0x080022b4   Section        0  stm32f4xx_hal_spi.o(i.HAL_SPI_TransmitReceive)
    i.HAL_SYSTICK_Config                     0x08002522   Section        0  stm32f4xx_hal_cortex.o(i.HAL_SYSTICK_Config)
    i.HAL_UART_Init                          0x0800254a   Section        0  stm32f4xx_hal_uart.o(i.HAL_UART_Init)
    i.HAL_UART_MspInit                       0x080025ac   Section        0  stm32f4_uart.o(i.HAL_UART_MspInit)
    i.HAL_UART_RxCpltCallback                0x08002618   Section        0  stm32f4_uart.o(i.HAL_UART_RxCpltCallback)
    i.HAL_UART_TxCpltCallback                0x08002630   Section        0  stm32f4_uart.o(i.HAL_UART_TxCpltCallback)
    i.HardFault_Handler                      0x08002648   Section        0  stm32f4xx_it.o(i.HardFault_Handler)
    i.MemManage_Handler                      0x0800264a   Section        0  stm32f4xx_it.o(i.MemManage_Handler)
    i.NMI_Handler                            0x0800264c   Section        0  stm32f4xx_it.o(i.NMI_Handler)
    i.NVIC_SetPriority                       0x0800264e   Section        0  stm32f4xx_hal_cortex.o(i.NVIC_SetPriority)
    NVIC_SetPriority                         0x0800264f   Thumb Code    32  stm32f4xx_hal_cortex.o(i.NVIC_SetPriority)
    i.PendSV_Handler                         0x0800266e   Section        0  stm32f4xx_it.o(i.PendSV_Handler)
    i.SPI1_IRQHandler                        0x08002670   Section        0  stm32f4xx_it.o(i.SPI1_IRQHandler)
    i.SPI_CheckFlag_BSY                      0x0800267c   Section        0  stm32f4xx_hal_spi.o(i.SPI_CheckFlag_BSY)
    SPI_CheckFlag_BSY                        0x0800267d   Thumb Code    32  stm32f4xx_hal_spi.o(i.SPI_CheckFlag_BSY)
    i.SPI_DMAAbortOnError                    0x0800269c   Section        0  stm32f4xx_hal_spi.o(i.SPI_DMAAbortOnError)
    SPI_DMAAbortOnError                      0x0800269d   Thumb Code    16  stm32f4xx_hal_spi.o(i.SPI_DMAAbortOnError)
    i.SPI_SetSpeed                           0x080026ac   Section        0  stm32f4_spi.o(i.SPI_SetSpeed)
    i.SPI_WaitFlagStateUntilTimeout          0x080026ce   Section        0  stm32f4xx_hal_spi.o(i.SPI_WaitFlagStateUntilTimeout)
    SPI_WaitFlagStateUntilTimeout            0x080026cf   Thumb Code   150  stm32f4xx_hal_spi.o(i.SPI_WaitFlagStateUntilTimeout)
    i.SVC_Handler                            0x08002764   Section        0  stm32f4xx_it.o(i.SVC_Handler)
    i.Serial_Config                          0x08002768   Section        0  serial.o(i.Serial_Config)
    i.Serial_SetRxCallbackFunc               0x08002808   Section        0  serial.o(i.Serial_SetRxCallbackFunc)
    i.Serial_SetTxCallbackFunc               0x08002814   Section        0  serial.o(i.Serial_SetTxCallbackFunc)
    i.SysTick_Handler                        0x08002820   Section        0  stm32f4xx_it.o(i.SysTick_Handler)
    i.SystemInit                             0x08002824   Section        0  system_stm32f4xx.o(i.SystemInit)
    i.UART_SetConfig                         0x08002878   Section        0  stm32f4xx_hal_uart.o(i.UART_SetConfig)
    UART_SetConfig                           0x08002879   Thumb Code   676  stm32f4xx_hal_uart.o(i.UART_SetConfig)
    i.USART1_IRQHandler                      0x08002b24   Section        0  stm32f4xx_it.o(i.USART1_IRQHandler)
    i.UsageFault_Handler                     0x08002b54   Section        0  stm32f4xx_it.o(i.UsageFault_Handler)
    i._DWT_AONArrayUpload                    0x08002b56   Section        0  dw1000.o(i._DWT_AONArrayUpload)
    _DWT_AONArrayUpload                      0x08002b57   Thumb Code    26  dw1000.o(i._DWT_AONArrayUpload)
    i._DWT_DisableSequencing                 0x08002b70   Section        0  dw1000.o(i._DWT_DisableSequencing)
    _DWT_DisableSequencing                   0x08002b71   Thumb Code    22  dw1000.o(i._DWT_DisableSequencing)
    i._DWT_EnableClocks                      0x08002b86   Section        0  dw1000.o(i._DWT_EnableClocks)
    _DWT_EnableClocks                        0x08002b87   Thumb Code   200  dw1000.o(i._DWT_EnableClocks)
    i._DWT_OtpRead                           0x08002c4e   Section        0  dw1000.o(i._DWT_OtpRead)
    _DWT_OtpRead                             0x08002c4f   Thumb Code    44  dw1000.o(i._DWT_OtpRead)
    i.__0printf                              0x08002c7c   Section        0  printfa.o(i.__0printf)
    i.__scatterload_copy                     0x08002c9c   Section       14  handlers.o(i.__scatterload_copy)
    i.__scatterload_null                     0x08002caa   Section        2  handlers.o(i.__scatterload_null)
    i.__scatterload_zeroinit                 0x08002cac   Section       14  handlers.o(i.__scatterload_zeroinit)
    i._fp_digits                             0x08002cbc   Section        0  printfa.o(i._fp_digits)
    _fp_digits                               0x08002cbd   Thumb Code   334  printfa.o(i._fp_digits)
    i._printf_core                           0x08002e20   Section        0  printfa.o(i._printf_core)
    _printf_core                             0x08002e21   Thumb Code  1744  printfa.o(i._printf_core)
    i._printf_post_padding                   0x080034fc   Section        0  printfa.o(i._printf_post_padding)
    _printf_post_padding                     0x080034fd   Thumb Code    36  printfa.o(i._printf_post_padding)
    i._printf_pre_padding                    0x08003520   Section        0  printfa.o(i._printf_pre_padding)
    _printf_pre_padding                      0x08003521   Thumb Code    46  printfa.o(i._printf_pre_padding)
    i.checkPacket                            0x0800354e   Section        0  main.o(i.checkPacket)
    i.final_msg_get_ts                       0x0800356c   Section        0  main.o(i.final_msg_get_ts)
    final_msg_get_ts                         0x0800356d   Thumb Code    26  main.o(i.final_msg_get_ts)
    i.fputc                                  0x08003588   Section        0  serial.o(i.fputc)
    i.get_rx_timestamp_u64                   0x080035a4   Section        0  main.o(i.get_rx_timestamp_u64)
    get_rx_timestamp_u64                     0x080035a5   Thumb Code    38  main.o(i.get_rx_timestamp_u64)
    i.get_tx_timestamp_u64                   0x080035ca   Section        0  main.o(i.get_tx_timestamp_u64)
    get_tx_timestamp_u64                     0x080035cb   Thumb Code    38  main.o(i.get_tx_timestamp_u64)
    i.main                                   0x080035f0   Section        0  main.o(i.main)
    i.resp_msg_set_ts                        0x08003630   Section        0  main.o(i.resp_msg_set_ts)
    resp_msg_set_ts                          0x08003631   Thumb Code    34  main.o(i.resp_msg_set_ts)
    .constdata                               0x08003652   Section       16  stm32f4xx_hal_rcc.o(.constdata)
    .constdata                               0x08003664   Section      174  dw1000.o(.constdata)
    .data                                    0x20000000   Section        4  system_stm32f4xx.o(.data)
    .data                                    0x20000004   Section        4  stm32f4xx_hal.o(.data)
    .data                                    0x20000008   Section        4  stm32f4_exti.o(.data)
    .data                                    0x2000000c   Section        8  stm32f4_uart.o(.data)
    .data                                    0x20000014   Section      124  main.o(.data)
    frame_seq_nb                             0x20000014   Data           1  main.o(.data)
    status                                   0x20000018   Data           4  main.o(.data)
    dwtConfig                                0x2000001c   Data          14  main.o(.data)
    tx_poll_msg                              0x2000002a   Data          12  main.o(.data)
    rx_resp_msg                              0x20000036   Data          15  main.o(.data)
    tx_final_msg                             0x20000045   Data          24  main.o(.data)
    rx_poll_msg                              0x2000005d   Data          12  main.o(.data)
    tx_resp_msg                              0x20000069   Data          15  main.o(.data)
    rx_final_msg                             0x20000078   Data          24  main.o(.data)
    .data                                    0x20000090   Section       16  serial.o(.data)
    .data                                    0x200000a0   Section       16  dw1000.o(.data)
    .data                                    0x200000b0   Section        4  stdout.o(.data)
    .bss                                     0x200000b4   Section       64  stm32f4_uart.o(.bss)
    .bss                                     0x200000f4   Section       88  stm32f4_spi.o(.bss)
    .bss                                     0x2000014c   Section       44  main.o(.bss)
    rx_buffer                                0x2000014c   Data          20  main.o(.bss)
    rx_resp_buffer                           0x20000160   Data          24  main.o(.bss)
    .bss                                     0x20000178   Section       16  serial.o(.bss)
    TX_BUFFER                                0x20000178   Data          16  serial.o(.bss)
    .bss                                     0x20000188   Section       16  serial.o(.bss)
    RX_BUFFER                                0x20000188   Data          16  serial.o(.bss)
    .bss                                     0x20000198   Section       16  dw1000.o(.bss)
    TX_BUFFER                                0x20000198   Data          16  dw1000.o(.bss)
    .bss                                     0x200001a8   Section       16  dw1000.o(.bss)
    RX_BUFFER                                0x200001a8   Data          16  dw1000.o(.bss)
    .bss                                     0x200001b8   Section       60  dw1000.o(.bss)
    DW1000Local                              0x200001b8   Data          60  dw1000.o(.bss)
    STACK                                    0x200001f8   Section     1024  startup_stm32f411xe.o(STACK)

    Global Symbols

    Symbol Name                              Value     Ov Type        Size  Object(Section)

    BuildAttributes$$THM_ISAv4$E$P$D$K$B$S$7EM$VFPi3$EXTD16$VFPS$VFMA$PE$A:L22UL41UL21$X:L11$S22US41US21$IEEE1$IW$USESV6$~STKCKD$USESV7$~SHL$OSPACE$ROPI$EBA8$MICROLIB$REQ8$PRES8$EABIv2 0x00000000   Number         0  anon$$obj.o ABSOLUTE
    __ARM_use_no_argv                        0x00000000   Number         0  main.o ABSOLUTE
    _printf_a                                0x00000000   Number         0  stubs.o ABSOLUTE
    _printf_c                                0x00000000   Number         0  stubs.o ABSOLUTE
    _printf_charcount                        0x00000000   Number         0  stubs.o ABSOLUTE
    _printf_d                                0x00000000   Number         0  stubs.o ABSOLUTE
    _printf_e                                0x00000000   Number         0  stubs.o ABSOLUTE
    _printf_f                                0x00000000   Number         0  stubs.o ABSOLUTE
    _printf_flags                            0x00000000   Number         0  stubs.o ABSOLUTE
    _printf_fp_dec                           0x00000000   Number         0  stubs.o ABSOLUTE
    _printf_fp_hex                           0x00000000   Number         0  stubs.o ABSOLUTE
    _printf_g                                0x00000000   Number         0  stubs.o ABSOLUTE
    _printf_i                                0x00000000   Number         0  stubs.o ABSOLUTE
    _printf_int_dec                          0x00000000   Number         0  stubs.o ABSOLUTE
    _printf_l                                0x00000000   Number         0  stubs.o ABSOLUTE
    _printf_lc                               0x00000000   Number         0  stubs.o ABSOLUTE
    _printf_ll                               0x00000000   Number         0  stubs.o ABSOLUTE
    _printf_lld                              0x00000000   Number         0  stubs.o ABSOLUTE
    _printf_lli                              0x00000000   Number         0  stubs.o ABSOLUTE
    _printf_llo                              0x00000000   Number         0  stubs.o ABSOLUTE
    _printf_llu                              0x00000000   Number         0  stubs.o ABSOLUTE
    _printf_llx                              0x00000000   Number         0  stubs.o ABSOLUTE
    _printf_longlong_dec                     0x00000000   Number         0  stubs.o ABSOLUTE
    _printf_longlong_hex                     0x00000000   Number         0  stubs.o ABSOLUTE
    _printf_longlong_oct                     0x00000000   Number         0  stubs.o ABSOLUTE
    _printf_ls                               0x00000000   Number         0  stubs.o ABSOLUTE
    _printf_mbtowc                           0x00000000   Number         0  stubs.o ABSOLUTE
    _printf_n                                0x00000000   Number         0  stubs.o ABSOLUTE
    _printf_o                                0x00000000   Number         0  stubs.o ABSOLUTE
    _printf_p                                0x00000000   Number         0  stubs.o ABSOLUTE
    _printf_percent                          0x00000000   Number         0  stubs.o ABSOLUTE
    _printf_pre_padding                      0x00000000   Number         0  stubs.o ABSOLUTE
    _printf_return_value                     0x00000000   Number         0  stubs.o ABSOLUTE
    _printf_s                                0x00000000   Number         0  stubs.o ABSOLUTE
    _printf_sizespec                         0x00000000   Number         0  stubs.o ABSOLUTE
    _printf_str                              0x00000000   Number         0  stubs.o ABSOLUTE
    _printf_truncate_signed                  0x00000000   Number         0  stubs.o ABSOLUTE
    _printf_truncate_unsigned                0x00000000   Number         0  stubs.o ABSOLUTE
    _printf_u                                0x00000000   Number         0  stubs.o ABSOLUTE
    _printf_wc                               0x00000000   Number         0  stubs.o ABSOLUTE
    _printf_wctomb                           0x00000000   Number         0  stubs.o ABSOLUTE
    _printf_widthprec                        0x00000000   Number         0  stubs.o ABSOLUTE
    _printf_x                                0x00000000   Number         0  stubs.o ABSOLUTE
    __cpp_initialize__aeabi_                  - Undefined Weak Reference
    __cxa_finalize                            - Undefined Weak Reference
    __decompress                              - Undefined Weak Reference
    _clock_init                               - Undefined Weak Reference
    _microlib_exit                            - Undefined Weak Reference
    __Vectors_Size                           0x00000198   Number         0  startup_stm32f411xe.o ABSOLUTE
    __Vectors                                0x08000000   Data           4  startup_stm32f411xe.o(RESET)
    __Vectors_End                            0x08000198   Data           0  startup_stm32f411xe.o(RESET)
    __main                                   0x08000199   Thumb Code     0  entry.o(.ARM.Collect$$$$00000000)
    _main_stk                                0x08000199   Thumb Code     0  entry2.o(.ARM.Collect$$$$00000001)
    _main_scatterload                        0x0800019d   Thumb Code     0  entry5.o(.ARM.Collect$$$$00000004)
    __main_after_scatterload                 0x080001a1   Thumb Code     0  entry5.o(.ARM.Collect$$$$00000004)
    _main_clock                              0x080001a1   Thumb Code     0  entry7b.o(.ARM.Collect$$$$00000008)
    _main_cpp_init                           0x080001a1   Thumb Code     0  entry8b.o(.ARM.Collect$$$$0000000A)
    _main_init                               0x080001a1   Thumb Code     0  entry9a.o(.ARM.Collect$$$$0000000B)
    __rt_final_cpp                           0x080001a9   Thumb Code     0  entry10a.o(.ARM.Collect$$$$0000000D)
    __rt_final_exit                          0x080001a9   Thumb Code     0  entry11a.o(.ARM.Collect$$$$0000000F)
    Reset_Handler                            0x080001ad   Thumb Code     8  startup_stm32f411xe.o(.text)
    ADC_IRQHandler                           0x080001c7   Thumb Code     0  startup_stm32f411xe.o(.text)
    DMA1_Stream0_IRQHandler                  0x080001c7   Thumb Code     0  startup_stm32f411xe.o(.text)
    DMA1_Stream1_IRQHandler                  0x080001c7   Thumb Code     0  startup_stm32f411xe.o(.text)
    DMA1_Stream2_IRQHandler                  0x080001c7   Thumb Code     0  startup_stm32f411xe.o(.text)
    DMA1_Stream3_IRQHandler                  0x080001c7   Thumb Code     0  startup_stm32f411xe.o(.text)
    DMA1_Stream4_IRQHandler                  0x080001c7   Thumb Code     0  startup_stm32f411xe.o(.text)
    DMA1_Stream5_IRQHandler                  0x080001c7   Thumb Code     0  startup_stm32f411xe.o(.text)
    DMA1_Stream6_IRQHandler                  0x080001c7   Thumb Code     0  startup_stm32f411xe.o(.text)
    DMA1_Stream7_IRQHandler                  0x080001c7   Thumb Code     0  startup_stm32f411xe.o(.text)
    DMA2_Stream0_IRQHandler                  0x080001c7   Thumb Code     0  startup_stm32f411xe.o(.text)
    DMA2_Stream1_IRQHandler                  0x080001c7   Thumb Code     0  startup_stm32f411xe.o(.text)
    DMA2_Stream2_IRQHandler                  0x080001c7   Thumb Code     0  startup_stm32f411xe.o(.text)
    DMA2_Stream3_IRQHandler                  0x080001c7   Thumb Code     0  startup_stm32f411xe.o(.text)
    DMA2_Stream4_IRQHandler                  0x080001c7   Thumb Code     0  startup_stm32f411xe.o(.text)
    DMA2_Stream5_IRQHandler                  0x080001c7   Thumb Code     0  startup_stm32f411xe.o(.text)
    DMA2_Stream6_IRQHandler                  0x080001c7   Thumb Code     0  startup_stm32f411xe.o(.text)
    DMA2_Stream7_IRQHandler                  0x080001c7   Thumb Code     0  startup_stm32f411xe.o(.text)
    EXTI0_IRQHandler                         0x080001c7   Thumb Code     0  startup_stm32f411xe.o(.text)
    EXTI15_10_IRQHandler                     0x080001c7   Thumb Code     0  startup_stm32f411xe.o(.text)
    EXTI1_IRQHandler                         0x080001c7   Thumb Code     0  startup_stm32f411xe.o(.text)
    EXTI2_IRQHandler                         0x080001c7   Thumb Code     0  startup_stm32f411xe.o(.text)
    EXTI3_IRQHandler                         0x080001c7   Thumb Code     0  startup_stm32f411xe.o(.text)
    EXTI4_IRQHandler                         0x080001c7   Thumb Code     0  startup_stm32f411xe.o(.text)
    FLASH_IRQHandler                         0x080001c7   Thumb Code     0  startup_stm32f411xe.o(.text)
    FPU_IRQHandler                           0x080001c7   Thumb Code     0  startup_stm32f411xe.o(.text)
    I2C1_ER_IRQHandler                       0x080001c7   Thumb Code     0  startup_stm32f411xe.o(.text)
    I2C1_EV_IRQHandler                       0x080001c7   Thumb Code     0  startup_stm32f411xe.o(.text)
    I2C2_ER_IRQHandler                       0x080001c7   Thumb Code     0  startup_stm32f411xe.o(.text)
    I2C2_EV_IRQHandler                       0x080001c7   Thumb Code     0  startup_stm32f411xe.o(.text)
    I2C3_ER_IRQHandler                       0x080001c7   Thumb Code     0  startup_stm32f411xe.o(.text)
    I2C3_EV_IRQHandler                       0x080001c7   Thumb Code     0  startup_stm32f411xe.o(.text)
    OTG_FS_IRQHandler                        0x080001c7   Thumb Code     0  startup_stm32f411xe.o(.text)
    OTG_FS_WKUP_IRQHandler                   0x080001c7   Thumb Code     0  startup_stm32f411xe.o(.text)
    PVD_IRQHandler                           0x080001c7   Thumb Code     0  startup_stm32f411xe.o(.text)
    RCC_IRQHandler                           0x080001c7   Thumb Code     0  startup_stm32f411xe.o(.text)
    RTC_Alarm_IRQHandler                     0x080001c7   Thumb Code     0  startup_stm32f411xe.o(.text)
    RTC_WKUP_IRQHandler                      0x080001c7   Thumb Code     0  startup_stm32f411xe.o(.text)
    SDIO_IRQHandler                          0x080001c7   Thumb Code     0  startup_stm32f411xe.o(.text)
    SPI2_IRQHandler                          0x080001c7   Thumb Code     0  startup_stm32f411xe.o(.text)
    SPI3_IRQHandler                          0x080001c7   Thumb Code     0  startup_stm32f411xe.o(.text)
    SPI4_IRQHandler                          0x080001c7   Thumb Code     0  startup_stm32f411xe.o(.text)
    SPI5_IRQHandler                          0x080001c7   Thumb Code     0  startup_stm32f411xe.o(.text)
    TAMP_STAMP_IRQHandler                    0x080001c7   Thumb Code     0  startup_stm32f411xe.o(.text)
    TIM1_BRK_TIM9_IRQHandler                 0x080001c7   Thumb Code     0  startup_stm32f411xe.o(.text)
    TIM1_CC_IRQHandler                       0x080001c7   Thumb Code     0  startup_stm32f411xe.o(.text)
    TIM1_TRG_COM_TIM11_IRQHandler            0x080001c7   Thumb Code     0  startup_stm32f411xe.o(.text)
    TIM1_UP_TIM10_IRQHandler                 0x080001c7   Thumb Code     0  startup_stm32f411xe.o(.text)
    TIM2_IRQHandler                          0x080001c7   Thumb Code     0  startup_stm32f411xe.o(.text)
    TIM3_IRQHandler                          0x080001c7   Thumb Code     0  startup_stm32f411xe.o(.text)
    TIM4_IRQHandler                          0x080001c7   Thumb Code     0  startup_stm32f411xe.o(.text)
    TIM5_IRQHandler                          0x080001c7   Thumb Code     0  startup_stm32f411xe.o(.text)
    USART2_IRQHandler                        0x080001c7   Thumb Code     0  startup_stm32f411xe.o(.text)
    USART6_IRQHandler                        0x080001c7   Thumb Code     0  startup_stm32f411xe.o(.text)
    WWDG_IRQHandler                          0x080001c7   Thumb Code     0  startup_stm32f411xe.o(.text)
    __aeabi_llsr                             0x080001d1   Thumb Code    32  llushr.o(.text)
    _ll_ushift_r                             0x080001d1   Thumb Code     0  llushr.o(.text)
    memcmp                                   0x080001f1   Thumb Code    26  memcmp.o(.text)
    __aeabi_dadd                             0x0800020b   Thumb Code   322  dadd.o(.text)
    __aeabi_dsub                             0x0800034d   Thumb Code     6  dadd.o(.text)
    __aeabi_drsub                            0x08000353   Thumb Code     6  dadd.o(.text)
    __aeabi_dmul                             0x08000359   Thumb Code   228  dmul.o(.text)
    __aeabi_ddiv                             0x0800043d   Thumb Code   222  ddiv.o(.text)
    __aeabi_ui2d                             0x0800051b   Thumb Code    26  dfltui.o(.text)
    __aeabi_l2d                              0x08000535   Thumb Code    40  dfltl.o(.text)
    __aeabi_d2lz                             0x0800055d   Thumb Code    74  dfixl.o(.text)
    __aeabi_cdcmpeq                          0x080005a9   Thumb Code     0  cdcmple.o(.text)
    __aeabi_cdcmple                          0x080005a9   Thumb Code    48  cdcmple.o(.text)
    __aeabi_uidiv                            0x080005d9   Thumb Code     0  uidiv.o(.text)
    __aeabi_uidivmod                         0x080005d9   Thumb Code    44  uidiv.o(.text)
    __aeabi_uldivmod                         0x08000605   Thumb Code    98  uldiv.o(.text)
    __aeabi_llsl                             0x08000667   Thumb Code    30  llshl.o(.text)
    _ll_shift_l                              0x08000667   Thumb Code     0  llshl.o(.text)
    __aeabi_lasr                             0x08000685   Thumb Code    36  llsshr.o(.text)
    _ll_sshift_r                             0x08000685   Thumb Code     0  llsshr.o(.text)
    __I$use$fp                               0x080006a9   Thumb Code     0  iusefp.o(.text)
    _double_round                            0x080006a9   Thumb Code    30  depilogue.o(.text)
    _double_epilogue                         0x080006c7   Thumb Code   156  depilogue.o(.text)
    __aeabi_d2ulz                            0x08000763   Thumb Code    48  dfixul.o(.text)
    __aeabi_cdrcmple                         0x08000795   Thumb Code    48  cdrcmple.o(.text)
    __scatterload                            0x080007c5   Thumb Code    28  init.o(.text)
    __scatterload_rt2                        0x080007c5   Thumb Code     0  init.o(.text)
    BSP_GPIO_Config                          0x080007e9   Thumb Code   226  stm32f4xx_bsp.o(i.BSP_GPIO_Config)
    BSP_UART_Config                          0x080008e1   Thumb Code    28  stm32f4xx_bsp.o(i.BSP_UART_Config)
    BSP_UWB_Config                           0x08000911   Thumb Code    16  stm32f4xx_bsp.o(i.BSP_UWB_Config)
    BusFault_Handler                         0x08000921   Thumb Code     2  stm32f4xx_it.o(i.BusFault_Handler)
    DEMO_SSTWR_RESPONDER                     0x08000925   Thumb Code   602  main.o(i.DEMO_SSTWR_RESPONDER)
    DWT_Config                               0x08000bc9   Thumb Code   118  dw1000.o(i.DWT_Config)
    DWT_Configure                            0x08000c55   Thumb Code   502  dw1000.o(i.DWT_Configure)
    DWT_ForceTxRxOff                         0x08000e59   Thumb Code    76  dw1000.o(i.DWT_ForceTxRxOff)
    DWT_GetSysStatus                         0x08000ead   Thumb Code     8  dw1000.o(i.DWT_GetSysStatus)
    DWT_ISR                                  0x08000eb5   Thumb Code   268  dw1000.o(i.DWT_ISR)
    DWT_Initialise                           0x08000fc9   Thumb Code   294  dw1000.o(i.DWT_Initialise)
    DWT_ReadData                             0x08001105   Thumb Code   104  dw1000.o(i.DWT_ReadData)
    DWT_ReadData16                           0x08001175   Thumb Code    16  dw1000.o(i.DWT_ReadData16)
    DWT_ReadData32                           0x08001185   Thumb Code    14  dw1000.o(i.DWT_ReadData32)
    DWT_ReadData8                            0x08001193   Thumb Code    16  dw1000.o(i.DWT_ReadData8)
    DWT_ReadDeviceID                         0x080011a3   Thumb Code     8  dw1000.o(i.DWT_ReadDeviceID)
    DWT_ReadRxData                           0x080011ab   Thumb Code    18  dw1000.o(i.DWT_ReadRxData)
    DWT_ReadRxTimestamp                      0x080011bd   Thumb Code    12  dw1000.o(i.DWT_ReadRxTimestamp)
    DWT_ReadTxTimestamp                      0x080011c9   Thumb Code    12  dw1000.o(i.DWT_ReadTxTimestamp)
    DWT_RxEnable                             0x080011d5   Thumb Code    76  dw1000.o(i.DWT_RxEnable)
    DWT_RxReset                              0x08001221   Thumb Code    26  dw1000.o(i.DWT_RxReset)
    DWT_SetDelayedTxRxTime                   0x0800123b   Thumb Code    10  dw1000.o(i.DWT_SetDelayedTxRxTime)
    DWT_SetPreambleDetectTimeout             0x08001245   Thumb Code    10  dw1000.o(i.DWT_SetPreambleDetectTimeout)
    DWT_SetRxAfterTxDelay                    0x0800124f   Thumb Code    30  dw1000.o(i.DWT_SetRxAfterTxDelay)
    DWT_SetRxAntennaDelay                    0x0800126d   Thumb Code    12  dw1000.o(i.DWT_SetRxAntennaDelay)
    DWT_SetRxTimeout                         0x08001279   Thumb Code    64  dw1000.o(i.DWT_SetRxTimeout)
    DWT_SetSpeedHigh                         0x080012bd   Thumb Code    10  dw1000.o(i.DWT_SetSpeedHigh)
    DWT_SetSpeedLow                          0x080012cd   Thumb Code    10  dw1000.o(i.DWT_SetSpeedLow)
    DWT_SetSysStatus                         0x080012dd   Thumb Code    10  dw1000.o(i.DWT_SetSysStatus)
    DWT_SetTxAntennaDelay                    0x080012e7   Thumb Code    10  dw1000.o(i.DWT_SetTxAntennaDelay)
    DWT_SetXtalTrim                          0x080012f1   Thumb Code    16  dw1000.o(i.DWT_SetXtalTrim)
    DWT_SoftwareReset                        0x08001301   Thumb Code    64  dw1000.o(i.DWT_SoftwareReset)
    DWT_StartTx                              0x08001345   Thumb Code    98  dw1000.o(i.DWT_StartTx)
    DWT_SyncRxBufPtrs                        0x080013ad   Thumb Code    40  dw1000.o(i.DWT_SyncRxBufPtrs)
    DWT_WriteData                            0x080013d5   Thumb Code   112  dw1000.o(i.DWT_WriteData)
    DWT_WriteData16                          0x0800144d   Thumb Code    12  dw1000.o(i.DWT_WriteData16)
    DWT_WriteData32                          0x08001459   Thumb Code    12  dw1000.o(i.DWT_WriteData32)
    DWT_WriteData8                           0x08001465   Thumb Code    12  dw1000.o(i.DWT_WriteData8)
    DWT_WriteTxData                          0x08001471   Thumb Code    32  dw1000.o(i.DWT_WriteTxData)
    DWT_WriteTxFCtrl                         0x08001491   Thumb Code    22  dw1000.o(i.DWT_WriteTxFCtrl)
    DebugMon_Handler                         0x080014ad   Thumb Code     2  stm32f4xx_it.o(i.DebugMon_Handler)
    EXTI9_5_IRQHandler                       0x080014af   Thumb Code     8  stm32f4xx_it.o(i.EXTI9_5_IRQHandler)
    HAL_DMA_Abort_IT                         0x080014b7   Thumb Code    36  stm32f4xx_hal_dma.o(i.HAL_DMA_Abort_IT)
    HAL_Delay                                0x080014db   Thumb Code    22  stm32f4xx_hal.o(i.HAL_Delay)
    HAL_GPIO_EXTI_Callback                   0x080014f1   Thumb Code    14  stm32f4_exti.o(i.HAL_GPIO_EXTI_Callback)
    HAL_GPIO_EXTI_IRQHandler                 0x08001505   Thumb Code    18  stm32f4xx_hal_gpio.o(i.HAL_GPIO_EXTI_IRQHandler)
    HAL_GPIO_Init                            0x0800151d   Thumb Code   358  stm32f4xx_hal_gpio.o(i.HAL_GPIO_Init)
    HAL_GetTick                              0x080016a5   Thumb Code     6  stm32f4xx_hal.o(i.HAL_GetTick)
    HAL_IncTick                              0x080016b1   Thumb Code    10  stm32f4xx_hal.o(i.HAL_IncTick)
    HAL_Init                                 0x080016c1   Thumb Code    48  stm32f4xx_hal.o(i.HAL_Init)
    HAL_InitTick                             0x080016f5   Thumb Code    34  stm32f4xx_hal.o(i.HAL_InitTick)
    HAL_MspInit                              0x0800171d   Thumb Code   122  stm32f4_msp.o(i.HAL_MspInit)
    HAL_NVIC_DisableIRQ                      0x080017a1   Thumb Code    22  stm32f4xx_hal_cortex.o(i.HAL_NVIC_DisableIRQ)
    HAL_NVIC_EnableIRQ                       0x080017b7   Thumb Code    22  stm32f4xx_hal_cortex.o(i.HAL_NVIC_EnableIRQ)
    HAL_NVIC_SetPriority                     0x080017cd   Thumb Code    60  stm32f4xx_hal_cortex.o(i.HAL_NVIC_SetPriority)
    HAL_NVIC_SetPriorityGrouping             0x0800180d   Thumb Code    26  stm32f4xx_hal_cortex.o(i.HAL_NVIC_SetPriorityGrouping)
    HAL_RCC_ClockConfig                      0x08001831   Thumb Code   364  stm32f4xx_hal_rcc.o(i.HAL_RCC_ClockConfig)
    HAL_RCC_GetPCLK1Freq                     0x080019ad   Thumb Code    34  stm32f4xx_hal_rcc.o(i.HAL_RCC_GetPCLK1Freq)
    HAL_RCC_GetPCLK2Freq                     0x080019dd   Thumb Code    34  stm32f4xx_hal_rcc.o(i.HAL_RCC_GetPCLK2Freq)
    HAL_RCC_GetSysClockFreq                  0x08001a0d   Thumb Code    88  stm32f4xx_hal_rcc.o(i.HAL_RCC_GetSysClockFreq)
    HAL_RCC_OscConfig                        0x08001a6d   Thumb Code   722  stm32f4xx_hal_rcc.o(i.HAL_RCC_OscConfig)
    HAL_SPI_ErrorCallback                    0x08001d51   Thumb Code     2  stm32f4_spi.o(i.HAL_SPI_ErrorCallback)
    HAL_SPI_IRQHandler                       0x08001d55   Thumb Code   208  stm32f4xx_hal_spi.o(i.HAL_SPI_IRQHandler)
    HAL_SPI_Init                             0x08001e29   Thumb Code   140  stm32f4xx_hal_spi.o(i.HAL_SPI_Init)
    HAL_SPI_MspInit                          0x08001eb5   Thumb Code   102  stm32f4_spi.o(i.HAL_SPI_MspInit)
    HAL_SPI_Receive                          0x08001f29   Thumb Code   498  stm32f4xx_hal_spi.o(i.HAL_SPI_Receive)
    HAL_SPI_Transmit                         0x0800211b   Thumb Code   410  stm32f4xx_hal_spi.o(i.HAL_SPI_Transmit)
    HAL_SPI_TransmitReceive                  0x080022b5   Thumb Code   622  stm32f4xx_hal_spi.o(i.HAL_SPI_TransmitReceive)
    HAL_SYSTICK_Config                       0x08002523   Thumb Code    40  stm32f4xx_hal_cortex.o(i.HAL_SYSTICK_Config)
    HAL_UART_Init                            0x0800254b   Thumb Code    98  stm32f4xx_hal_uart.o(i.HAL_UART_Init)
    HAL_UART_MspInit                         0x080025ad   Thumb Code    94  stm32f4_uart.o(i.HAL_UART_MspInit)
    HAL_UART_RxCpltCallback                  0x08002619   Thumb Code    16  stm32f4_uart.o(i.HAL_UART_RxCpltCallback)
    HAL_UART_TxCpltCallback                  0x08002631   Thumb Code    16  stm32f4_uart.o(i.HAL_UART_TxCpltCallback)
    HardFault_Handler                        0x08002649   Thumb Code     2  stm32f4xx_it.o(i.HardFault_Handler)
    MemManage_Handler                        0x0800264b   Thumb Code     2  stm32f4xx_it.o(i.MemManage_Handler)
    NMI_Handler                              0x0800264d   Thumb Code     2  stm32f4xx_it.o(i.NMI_Handler)
    PendSV_Handler                           0x0800266f   Thumb Code     2  stm32f4xx_it.o(i.PendSV_Handler)
    SPI1_IRQHandler                          0x08002671   Thumb Code     8  stm32f4xx_it.o(i.SPI1_IRQHandler)
    SPI_SetSpeed                             0x080026ad   Thumb Code    34  stm32f4_spi.o(i.SPI_SetSpeed)
    SVC_Handler                              0x08002765   Thumb Code     2  stm32f4xx_it.o(i.SVC_Handler)
    Serial_Config                            0x08002769   Thumb Code   138  serial.o(i.Serial_Config)
    Serial_SetRxCallbackFunc                 0x08002809   Thumb Code     6  serial.o(i.Serial_SetRxCallbackFunc)
    Serial_SetTxCallbackFunc                 0x08002815   Thumb Code     6  serial.o(i.Serial_SetTxCallbackFunc)
    SysTick_Handler                          0x08002821   Thumb Code     4  stm32f4xx_it.o(i.SysTick_Handler)
    SystemInit                               0x08002825   Thumb Code    66  system_stm32f4xx.o(i.SystemInit)
    USART1_IRQHandler                        0x08002b25   Thumb Code    42  stm32f4xx_it.o(i.USART1_IRQHandler)
    UsageFault_Handler                       0x08002b55   Thumb Code     2  stm32f4xx_it.o(i.UsageFault_Handler)
    __0printf                                0x08002c7d   Thumb Code    22  printfa.o(i.__0printf)
    __1printf                                0x08002c7d   Thumb Code     0  printfa.o(i.__0printf)
    __2printf                                0x08002c7d   Thumb Code     0  printfa.o(i.__0printf)
    __c89printf                              0x08002c7d   Thumb Code     0  printfa.o(i.__0printf)
    printf                                   0x08002c7d   Thumb Code     0  printfa.o(i.__0printf)
    __scatterload_copy                       0x08002c9d   Thumb Code    14  handlers.o(i.__scatterload_copy)
    __scatterload_null                       0x08002cab   Thumb Code     2  handlers.o(i.__scatterload_null)
    __scatterload_zeroinit                   0x08002cad   Thumb Code    14  handlers.o(i.__scatterload_zeroinit)
    checkPacket                              0x0800354f   Thumb Code    30  main.o(i.checkPacket)
    fputc                                    0x08003589   Thumb Code    22  serial.o(i.fputc)
    main                                     0x080035f1   Thumb Code    60  main.o(i.main)
    APBAHBPrescTable                         0x08003652   Data          16  stm32f4xx_hal_rcc.o(.constdata)
    rx_config                                0x08003664   Data           2  dw1000.o(.constdata)
    dwnsSFDlen                               0x08003666   Data           3  dw1000.o(.constdata)
    dtune1                                   0x0800366a   Data           4  dw1000.o(.constdata)
    fs_pll_tune                              0x0800366e   Data           6  dw1000.o(.constdata)
    chan_idx                                 0x08003674   Data           8  dw1000.o(.constdata)
    agc_config                               0x0800367c   Data           8  dw1000.o(.constdata)
    tx_config                                0x08003684   Data          24  dw1000.o(.constdata)
    fs_pll_cfg                               0x0800369c   Data          24  dw1000.o(.constdata)
    sftsh                                    0x080036b4   Data          12  dw1000.o(.constdata)
    digital_bb_config                        0x080036c0   Data          32  dw1000.o(.constdata)
    lde_replicaCoeff                         0x080036e0   Data          50  dw1000.o(.constdata)
    Region$$Table$$Base                      0x08003714   Number         0  anon$$obj.o(Region$$Table)
    Region$$Table$$Limit                     0x08003734   Number         0  anon$$obj.o(Region$$Table)
    SystemCoreClock                          0x20000000   Data           4  system_stm32f4xx.o(.data)
    uwTick                                   0x20000004   Data           4  stm32f4xx_hal.o(.data)
    DW1000_ExtiCallback                      0x20000008   Data           4  stm32f4_exti.o(.data)
    SERIAL_TxCallback                        0x2000000c   Data           4  stm32f4_uart.o(.data)
    SERIAL_RxCallback                        0x20000010   Data           4  stm32f4_uart.o(.data)
    hSerial                                  0x20000090   Data          16  serial.o(.data)
    dw1000_spi                               0x200000a0   Data          16  dw1000.o(.data)
    __stdout                                 0x200000b0   Data           4  stdout.o(.data)
    HUART_SERIAL                             0x200000b4   Data          64  stm32f4_uart.o(.bss)
    HSPI_DW1000                              0x200000f4   Data          88  stm32f4_spi.o(.bss)
    __initial_sp                             0x200005f8   Data           0  startup_stm32f411xe.o(STACK)



==============================================================================

Memory Map of the image

  Image Entry point : 0x08000199

  Load Region LR_IROM1 (Base: 0x08000000, Size: 0x000037e8, Max: 0x00080000, ABSOLUTE)

    Execution Region ER_IROM1 (Base: 0x08000000, Size: 0x00003734, Max: 0x00080000, ABSOLUTE)

    Base Addr    Size         Type   Attr      Idx    E Section Name        Object

    0x08000000   0x00000198   Data   RO            3    RESET               startup_stm32f411xe.o
    0x08000198   0x00000000   Code   RO         2344  * .ARM.Collect$$$$00000000  mc_w.l(entry.o)
    0x08000198   0x00000004   Code   RO         2630    .ARM.Collect$$$$00000001  mc_w.l(entry2.o)
    0x0800019c   0x00000004   Code   RO         2633    .ARM.Collect$$$$00000004  mc_w.l(entry5.o)
    0x080001a0   0x00000000   Code   RO         2635    .ARM.Collect$$$$00000008  mc_w.l(entry7b.o)
    0x080001a0   0x00000000   Code   RO         2637    .ARM.Collect$$$$0000000A  mc_w.l(entry8b.o)
    0x080001a0   0x00000008   Code   RO         2638    .ARM.Collect$$$$0000000B  mc_w.l(entry9a.o)
    0x080001a8   0x00000000   Code   RO         2640    .ARM.Collect$$$$0000000D  mc_w.l(entry10a.o)
    0x080001a8   0x00000000   Code   RO         2642    .ARM.Collect$$$$0000000F  mc_w.l(entry11a.o)
    0x080001a8   0x00000004   Code   RO         2631    .ARM.Collect$$$$00002712  mc_w.l(entry2.o)
    0x080001ac   0x00000024   Code   RO            4    .text               startup_stm32f411xe.o
    0x080001d0   0x00000020   Code   RO         2347    .text               mc_w.l(llushr.o)
    0x080001f0   0x0000001a   Code   RO         2351    .text               mc_w.l(memcmp.o)
    0x0800020a   0x0000014e   Code   RO         2614    .text               mf_w.l(dadd.o)
    0x08000358   0x000000e4   Code   RO         2616    .text               mf_w.l(dmul.o)
    0x0800043c   0x000000de   Code   RO         2618    .text               mf_w.l(ddiv.o)
    0x0800051a   0x0000001a   Code   RO         2622    .text               mf_w.l(dfltui.o)
    0x08000534   0x00000028   Code   RO         2624    .text               mf_w.l(dfltl.o)
    0x0800055c   0x0000004a   Code   RO         2626    .text               mf_w.l(dfixl.o)
    0x080005a6   0x00000002   PAD
    0x080005a8   0x00000030   Code   RO         2628    .text               mf_w.l(cdcmple.o)
    0x080005d8   0x0000002c   Code   RO         2645    .text               mc_w.l(uidiv.o)
    0x08000604   0x00000062   Code   RO         2647    .text               mc_w.l(uldiv.o)
    0x08000666   0x0000001e   Code   RO         2649    .text               mc_w.l(llshl.o)
    0x08000684   0x00000024   Code   RO         2651    .text               mc_w.l(llsshr.o)
    0x080006a8   0x00000000   Code   RO         2653    .text               mc_w.l(iusefp.o)
    0x080006a8   0x000000ba   Code   RO         2654    .text               mf_w.l(depilogue.o)
    0x08000762   0x00000030   Code   RO         2656    .text               mf_w.l(dfixul.o)
    0x08000792   0x00000002   PAD
    0x08000794   0x00000030   Code   RO         2658    .text               mf_w.l(cdrcmple.o)
    0x080007c4   0x00000024   Code   RO         2660    .text               mc_w.l(init.o)
    0x080007e8   0x000000f8   Code   RO         1640    i.BSP_GPIO_Config   stm32f4xx_bsp.o
    0x080008e0   0x00000030   Code   RO         1641    i.BSP_UART_Config   stm32f4xx_bsp.o
    0x08000910   0x00000010   Code   RO         1642    i.BSP_UWB_Config    stm32f4xx_bsp.o
    0x08000920   0x00000002   Code   RO         1676    i.BusFault_Handler  stm32f4xx_it.o
    0x08000922   0x00000002   PAD
    0x08000924   0x000002a4   Code   RO         1543    i.DEMO_SSTWR_RESPONDER  main.o
    0x08000bc8   0x0000008c   Code   RO         1837    i.DWT_Config        dw1000.o
    0x08000c54   0x00000204   Code   RO         1841    i.DWT_Configure     dw1000.o
    0x08000e58   0x00000054   Code   RO         1851    i.DWT_ForceTxRxOff  dw1000.o
    0x08000eac   0x00000008   Code   RO         1853    i.DWT_GetSysStatus  dw1000.o
    0x08000eb4   0x00000114   Code   RO         1854    i.DWT_ISR           dw1000.o
    0x08000fc8   0x0000013c   Code   RO         1855    i.DWT_Initialise    dw1000.o
    0x08001104   0x00000070   Code   RO         1858    i.DWT_ReadData      dw1000.o
    0x08001174   0x00000010   Code   RO         1859    i.DWT_ReadData16    dw1000.o
    0x08001184   0x0000000e   Code   RO         1860    i.DWT_ReadData32    dw1000.o
    0x08001192   0x00000010   Code   RO         1861    i.DWT_ReadData8     dw1000.o
    0x080011a2   0x00000008   Code   RO         1862    i.DWT_ReadDeviceID  dw1000.o
    0x080011aa   0x00000012   Code   RO         1865    i.DWT_ReadRxData    dw1000.o
    0x080011bc   0x0000000c   Code   RO         1866    i.DWT_ReadRxTimestamp  dw1000.o
    0x080011c8   0x0000000c   Code   RO         1871    i.DWT_ReadTxTimestamp  dw1000.o
    0x080011d4   0x0000004c   Code   RO         1874    i.DWT_RxEnable      dw1000.o
    0x08001220   0x0000001a   Code   RO         1875    i.DWT_RxReset       dw1000.o
    0x0800123a   0x0000000a   Code   RO         1879    i.DWT_SetDelayedTxRxTime  dw1000.o
    0x08001244   0x0000000a   Code   RO         1886    i.DWT_SetPreambleDetectTimeout  dw1000.o
    0x0800124e   0x0000001e   Code   RO         1887    i.DWT_SetRxAfterTxDelay  dw1000.o
    0x0800126c   0x0000000c   Code   RO         1888    i.DWT_SetRxAntennaDelay  dw1000.o
    0x08001278   0x00000044   Code   RO         1889    i.DWT_SetRxTimeout  dw1000.o
    0x080012bc   0x00000010   Code   RO         1893    i.DWT_SetSpeedHigh  dw1000.o
    0x080012cc   0x00000010   Code   RO         1894    i.DWT_SetSpeedLow   dw1000.o
    0x080012dc   0x0000000a   Code   RO         1895    i.DWT_SetSysStatus  dw1000.o
    0x080012e6   0x0000000a   Code   RO         1896    i.DWT_SetTxAntennaDelay  dw1000.o
    0x080012f0   0x00000010   Code   RO         1897    i.DWT_SetXtalTrim   dw1000.o
    0x08001300   0x00000044   Code   RO         1898    i.DWT_SoftwareReset  dw1000.o
    0x08001344   0x00000068   Code   RO         1900    i.DWT_StartTx       dw1000.o
    0x080013ac   0x00000028   Code   RO         1901    i.DWT_SyncRxBufPtrs  dw1000.o
    0x080013d4   0x00000078   Code   RO         1902    i.DWT_WriteData     dw1000.o
    0x0800144c   0x0000000c   Code   RO         1903    i.DWT_WriteData16   dw1000.o
    0x08001458   0x0000000c   Code   RO         1904    i.DWT_WriteData32   dw1000.o
    0x08001464   0x0000000c   Code   RO         1905    i.DWT_WriteData8    dw1000.o
    0x08001470   0x00000020   Code   RO         1906    i.DWT_WriteTxData   dw1000.o
    0x08001490   0x0000001c   Code   RO         1907    i.DWT_WriteTxFCtrl  dw1000.o
    0x080014ac   0x00000002   Code   RO         1677    i.DebugMon_Handler  stm32f4xx_it.o
    0x080014ae   0x00000008   Code   RO         1678    i.EXTI9_5_IRQHandler  stm32f4xx_it.o
    0x080014b6   0x00000024   Code   RO          559    i.HAL_DMA_Abort_IT  stm32f4xx_hal_dma.o
    0x080014da   0x00000016   Code   RO          141    i.HAL_Delay         stm32f4xx_hal.o
    0x080014f0   0x00000014   Code   RO         1348    i.HAL_GPIO_EXTI_Callback  stm32f4_exti.o
    0x08001504   0x00000018   Code   RO          663    i.HAL_GPIO_EXTI_IRQHandler  stm32f4xx_hal_gpio.o
    0x0800151c   0x00000188   Code   RO          664    i.HAL_GPIO_Init     stm32f4xx_hal_gpio.o
    0x080016a4   0x0000000c   Code   RO          147    i.HAL_GetTick       stm32f4xx_hal.o
    0x080016b0   0x00000010   Code   RO          148    i.HAL_IncTick       stm32f4xx_hal.o
    0x080016c0   0x00000034   Code   RO          149    i.HAL_Init          stm32f4xx_hal.o
    0x080016f4   0x00000028   Code   RO          150    i.HAL_InitTick      stm32f4xx_hal.o
    0x0800171c   0x00000084   Code   RO         1278    i.HAL_MspInit       stm32f4_msp.o
    0x080017a0   0x00000016   Code   RO          287    i.HAL_NVIC_DisableIRQ  stm32f4xx_hal_cortex.o
    0x080017b6   0x00000016   Code   RO          288    i.HAL_NVIC_EnableIRQ  stm32f4xx_hal_cortex.o
    0x080017cc   0x00000040   Code   RO          294    i.HAL_NVIC_SetPriority  stm32f4xx_hal_cortex.o
    0x0800180c   0x00000024   Code   RO          295    i.HAL_NVIC_SetPriorityGrouping  stm32f4xx_hal_cortex.o
    0x08001830   0x0000017c   Code   RO          409    i.HAL_RCC_ClockConfig  stm32f4xx_hal_rcc.o
    0x080019ac   0x00000030   Code   RO          416    i.HAL_RCC_GetPCLK1Freq  stm32f4xx_hal_rcc.o
    0x080019dc   0x00000030   Code   RO          417    i.HAL_RCC_GetPCLK2Freq  stm32f4xx_hal_rcc.o
    0x08001a0c   0x00000060   Code   RO          418    i.HAL_RCC_GetSysClockFreq  stm32f4xx_hal_rcc.o
    0x08001a6c   0x000002e4   Code   RO          421    i.HAL_RCC_OscConfig  stm32f4xx_hal_rcc.o
    0x08001d50   0x00000002   Code   RO         1458    i.HAL_SPI_ErrorCallback  stm32f4_spi.o
    0x08001d52   0x00000002   PAD
    0x08001d54   0x000000d4   Code   RO          986    i.HAL_SPI_IRQHandler  stm32f4xx_hal_spi.o
    0x08001e28   0x0000008c   Code   RO          987    i.HAL_SPI_Init      stm32f4xx_hal_spi.o
    0x08001eb4   0x00000074   Code   RO         1460    i.HAL_SPI_MspInit   stm32f4_spi.o
    0x08001f28   0x000001f2   Code   RO          990    i.HAL_SPI_Receive   stm32f4xx_hal_spi.o
    0x0800211a   0x0000019a   Code   RO          995    i.HAL_SPI_Transmit  stm32f4xx_hal_spi.o
    0x080022b4   0x0000026e   Code   RO          996    i.HAL_SPI_TransmitReceive  stm32f4xx_hal_spi.o
    0x08002522   0x00000028   Code   RO          299    i.HAL_SYSTICK_Config  stm32f4xx_hal_cortex.o
    0x0800254a   0x00000062   Code   RO          743    i.HAL_UART_Init     stm32f4xx_hal_uart.o
    0x080025ac   0x0000006c   Code   RO         1381    i.HAL_UART_MspInit  stm32f4_uart.o
    0x08002618   0x00000018   Code   RO         1382    i.HAL_UART_RxCpltCallback  stm32f4_uart.o
    0x08002630   0x00000018   Code   RO         1384    i.HAL_UART_TxCpltCallback  stm32f4_uart.o
    0x08002648   0x00000002   Code   RO         1679    i.HardFault_Handler  stm32f4xx_it.o
    0x0800264a   0x00000002   Code   RO         1680    i.MemManage_Handler  stm32f4xx_it.o
    0x0800264c   0x00000002   Code   RO         1681    i.NMI_Handler       stm32f4xx_it.o
    0x0800264e   0x00000020   Code   RO          301    i.NVIC_SetPriority  stm32f4xx_hal_cortex.o
    0x0800266e   0x00000002   Code   RO         1682    i.PendSV_Handler    stm32f4xx_it.o
    0x08002670   0x0000000c   Code   RO         1683    i.SPI1_IRQHandler   stm32f4xx_it.o
    0x0800267c   0x00000020   Code   RO         1011    i.SPI_CheckFlag_BSY  stm32f4xx_hal_spi.o
    0x0800269c   0x00000010   Code   RO         1015    i.SPI_DMAAbortOnError  stm32f4xx_hal_spi.o
    0x080026ac   0x00000022   Code   RO         1467    i.SPI_SetSpeed      stm32f4_spi.o
    0x080026ce   0x00000096   Code   RO         1029    i.SPI_WaitFlagStateUntilTimeout  stm32f4xx_hal_spi.o
    0x08002764   0x00000002   Code   RO         1684    i.SVC_Handler       stm32f4xx_it.o
    0x08002766   0x00000002   PAD
    0x08002768   0x000000a0   Code   RO         1766    i.Serial_Config     serial.o
    0x08002808   0x0000000c   Code   RO         1767    i.Serial_SetRxCallbackFunc  serial.o
    0x08002814   0x0000000c   Code   RO         1768    i.Serial_SetTxCallbackFunc  serial.o
    0x08002820   0x00000004   Code   RO         1685    i.SysTick_Handler   stm32f4xx_it.o
    0x08002824   0x00000054   Code   RO           14    i.SystemInit        system_stm32f4xx.o
    0x08002878   0x000002ac   Code   RO          765    i.UART_SetConfig    stm32f4xx_hal_uart.o
    0x08002b24   0x00000030   Code   RO         1686    i.USART1_IRQHandler  stm32f4xx_it.o
    0x08002b54   0x00000002   Code   RO         1687    i.UsageFault_Handler  stm32f4xx_it.o
    0x08002b56   0x0000001a   Code   RO         1908    i._DWT_AONArrayUpload  dw1000.o
    0x08002b70   0x00000016   Code   RO         1910    i._DWT_DisableSequencing  dw1000.o
    0x08002b86   0x000000c8   Code   RO         1911    i._DWT_EnableClocks  dw1000.o
    0x08002c4e   0x0000002c   Code   RO         1912    i._DWT_OtpRead      dw1000.o
    0x08002c7a   0x00000002   PAD
    0x08002c7c   0x00000020   Code   RO         2586    i.__0printf         mc_w.l(printfa.o)
    0x08002c9c   0x0000000e   Code   RO         2664    i.__scatterload_copy  mc_w.l(handlers.o)
    0x08002caa   0x00000002   Code   RO         2665    i.__scatterload_null  mc_w.l(handlers.o)
    0x08002cac   0x0000000e   Code   RO         2666    i.__scatterload_zeroinit  mc_w.l(handlers.o)
    0x08002cba   0x00000002   PAD
    0x08002cbc   0x00000164   Code   RO         2593    i._fp_digits        mc_w.l(printfa.o)
    0x08002e20   0x000006dc   Code   RO         2594    i._printf_core      mc_w.l(printfa.o)
    0x080034fc   0x00000024   Code   RO         2595    i._printf_post_padding  mc_w.l(printfa.o)
    0x08003520   0x0000002e   Code   RO         2596    i._printf_pre_padding  mc_w.l(printfa.o)
    0x0800354e   0x0000001e   Code   RO         1544    i.checkPacket       main.o
    0x0800356c   0x0000001a   Code   RO         1545    i.final_msg_get_ts  main.o
    0x08003586   0x00000002   PAD
    0x08003588   0x0000001c   Code   RO         1770    i.fputc             serial.o
    0x080035a4   0x00000026   Code   RO         1547    i.get_rx_timestamp_u64  main.o
    0x080035ca   0x00000026   Code   RO         1548    i.get_tx_timestamp_u64  main.o
    0x080035f0   0x00000040   Code   RO         1549    i.main              main.o
    0x08003630   0x00000022   Code   RO         1551    i.resp_msg_set_ts   main.o
    0x08003652   0x00000010   Data   RO          422    .constdata          stm32f4xx_hal_rcc.o
    0x08003662   0x00000002   PAD
    0x08003664   0x000000ae   Data   RO         1916    .constdata          dw1000.o
    0x08003712   0x00000002   PAD
    0x08003714   0x00000020   Data   RO         2662    Region$$Table       anon$$obj.o


    Execution Region RW_IRAM1 (Base: 0x20000000, Size: 0x000005f8, Max: 0x00020000, ABSOLUTE)

    Base Addr    Size         Type   Attr      Idx    E Section Name        Object

    0x20000000   0x00000004   Data   RW           16    .data               system_stm32f4xx.o
    0x20000004   0x00000004   Data   RW          155    .data               stm32f4xx_hal.o
    0x20000008   0x00000004   Data   RW         1349    .data               stm32f4_exti.o
    0x2000000c   0x00000008   Data   RW         1389    .data               stm32f4_uart.o
    0x20000014   0x0000007c   Data   RW         1553    .data               main.o
    0x20000090   0x00000010   Data   RW         1773    .data               serial.o
    0x200000a0   0x00000010   Data   RW         1917    .data               dw1000.o
    0x200000b0   0x00000004   Data   RW         2644    .data               mc_w.l(stdout.o)
    0x200000b4   0x00000040   Zero   RW         1388    .bss                stm32f4_uart.o
    0x200000f4   0x00000058   Zero   RW         1468    .bss                stm32f4_spi.o
    0x2000014c   0x0000002c   Zero   RW         1552    .bss                main.o
    0x20000178   0x00000010   Zero   RW         1771    .bss                serial.o
    0x20000188   0x00000010   Zero   RW         1772    .bss                serial.o
    0x20000198   0x00000010   Zero   RW         1913    .bss                dw1000.o
    0x200001a8   0x00000010   Zero   RW         1914    .bss                dw1000.o
    0x200001b8   0x0000003c   Zero   RW         1915    .bss                dw1000.o
    0x200001f4   0x00000004   PAD
    0x200001f8   0x00000400   Zero   RW            1    STACK               startup_stm32f411xe.o


==============================================================================

Image component sizes


      Code (inc. data)   RO Data    RW Data    ZI Data      Debug   Object Name

      2568        132        174         16         92      38009   dw1000.o
       906         78          0        124         44      19000   main.o
       212         40          0         16         32       3783   serial.o
        36          8        408          0       1024        936   startup_stm32f411xe.o
         0          0          0          0          0      14804   stm32f4_delay.o
        20          6          0          4          0        883   stm32f4_exti.o
       132         10          0          0          0       1174   stm32f4_msp.o
       152         14          0          0         88       2559   stm32f4_spi.o
       156         30          0          8         64       2682   stm32f4_uart.o
       312         42          0          0          0       2477   stm32f4xx_bsp.o
       142         22          0          4          0       4619   stm32f4xx_hal.o
       216         14          0          0          0      31389   stm32f4xx_hal_cortex.o
        36          0          0          0          0       1347   stm32f4xx_hal_dma.o
       416         40          0          0          0       2647   stm32f4xx_hal_gpio.o
      1312         70         16          0          0       5763   stm32f4xx_hal_rcc.o
      2080          4          0          0          0       9215   stm32f4xx_hal_spi.o
       782          8          0          0          0       2216   stm32f4xx_hal_uart.o
        88         10          0          0          0       6329   stm32f4xx_it.o
        84         18          0          4          0     193045   system_stm32f4xx.o

    ----------------------------------------------------------------------
      9660        546        634        176       1348     342877   Object Totals
         0          0         32          0          0          0   (incl. Generated)
        10          0          4          0          4          0   (incl. Padding)

    ----------------------------------------------------------------------

      Code (inc. data)   RO Data    RW Data    ZI Data      Debug   Library Member Name

         0          0          0          0          0          0   entry.o
         0          0          0          0          0          0   entry10a.o
         0          0          0          0          0          0   entry11a.o
         8          4          0          0          0          0   entry2.o
         4          0          0          0          0          0   entry5.o
         0          0          0          0          0          0   entry7b.o
         0          0          0          0          0          0   entry8b.o
         8          4          0          0          0          0   entry9a.o
        30          0          0          0          0          0   handlers.o
        36          8          0          0          0         68   init.o
         0          0          0          0          0          0   iusefp.o
        30          0          0          0          0         68   llshl.o
        36          0          0          0          0         68   llsshr.o
        32          0          0          0          0         68   llushr.o
        26          0          0          0          0         80   memcmp.o
      2226         90          0          0          0        444   printfa.o
         0          0          0          4          0          0   stdout.o
        44          0          0          0          0         80   uidiv.o
        98          0          0          0          0         92   uldiv.o
        48          0          0          0          0         68   cdcmple.o
        48          0          0          0          0         68   cdrcmple.o
       334          0          0          0          0        148   dadd.o
       222          0          0          0          0        100   ddiv.o
       186          0          0          0          0        176   depilogue.o
        74          0          0          0          0         80   dfixl.o
        48          0          0          0          0         68   dfixul.o
        40          0          0          0          0         80   dfltl.o
        26          0          0          0          0         76   dfltui.o
       228          0          0          0          0         96   dmul.o

    ----------------------------------------------------------------------
      3838        106          0          4          0       1928   Library Totals
         6          0          0          0          0          0   (incl. Padding)

    ----------------------------------------------------------------------

      Code (inc. data)   RO Data    RW Data    ZI Data      Debug   Library Name

      2578        106          0          4          0        968   mc_w.l
      1254          0          0          0          0        960   mf_w.l

    ----------------------------------------------------------------------
      3838        106          0          4          0       1928   Library Totals

    ----------------------------------------------------------------------

==============================================================================


      Code (inc. data)   RO Data    RW Data    ZI Data      Debug   

     13498        652        634        180       1348     334369   Grand Totals
     13498        652        634        180       1348     334369   ELF Image Totals
     13498        652        634        180          0          0   ROM Totals

==============================================================================

    Total RO  Size (Code + RO Data)                14132 (  13.80kB)
    Total RW  Size (RW Data + ZI Data)              1528 (   1.49kB)
    Total ROM Size (Code + RO Data + RW Data)      14312 (  13.98kB)

==============================================================================

